#
# There is insufficient memory for the Java Runtime Environment to continue.
# Native memory allocation (malloc) failed to allocate 1048576 bytes for AllocateHeap
# Possible reasons:
#   The system is out of physical RAM or swap space
#   The process is running with CompressedOops enabled, and the Java Heap may be blocking the growth of the native heap
# Possible solutions:
#   Reduce memory load on the system
#   Increase physical memory or swap space
#   Check if swap backing store is full
#   Decrease Java heap size (-Xmx/-Xms)
#   Decrease number of Java threads
#   Decrease Java thread stack sizes (-Xss)
#   Set larger code cache with -XX:ReservedCodeCacheSize=
#   JVM is running with Unscaled Compressed Oops mode in which the Java heap is
#     placed in the first 4GB address space. The Java Heap base address is the
#     maximum limit for the native heap growth. Please use -XX:HeapBaseMinAddress
#     to set the Java Heap base and to place the Java Heap above 4GB virtual address.
# This output file may be truncated or incomplete.
#
#  Out of Memory Error (allocation.cpp:44), pid=12932, tid=16176
#
# JRE version:  (17.0.12+8) (build )
# Java VM: Java HotSpot(TM) 64-Bit Server VM (17.0.12+8-LTS-286, mixed mode, emulated-client, sharing, tiered, compressed oops, compressed class ptrs, g1 gc, windows-amd64)
# No core dump will be written. Minidumps are not enabled by default on client versions of Windows
#

---------------  S U M M A R Y ------------

Command Line: -XX:TieredStopAtLevel=1 -Dspring.output.ansi.enabled=always -Dcom.sun.management.jmxremote -Dspring.jmx.enabled=true -Dspring.liveBeansView.mbeanDomain -Dspring.application.admin.enabled=true -Dmanagement.endpoints.jmx.exposure.include=* -javaagent:D:\Download\JAVA\APP\IntelliJ IDEA 2024.1.7\lib\idea_rt.jar=60379:D:\Download\JAVA\APP\IntelliJ IDEA 2024.1.7\bin -Dfile.encoding=UTF-8 fpt.duantotnghiep.sd28.PhoStepBackendApplication

Host: Intel(R) Core(TM) i5-6440HQ CPU @ 2.60GHz, 4 cores, 7G,  Windows 10 , 64 bit Build 19041 (10.0.19041.3031)
Time: Thu Jul 24 14:18:01 2025 SE Asia Standard Time elapsed time: 0.682252 seconds (0d 0h 0m 0s)

---------------  T H R E A D  ---------------

Current thread (0x000001b07a1df020):  JavaThread "Unknown thread" [_thread_in_vm, id=16176, stack(0x0000006133d00000,0x0000006133e00000)]

Stack: [0x0000006133d00000,0x0000006133e00000]
Native frames: (J=compiled Java code, j=interpreted, Vv=VM code, C=native code)
V  [jvm.dll+0x67a04a]
V  [jvm.dll+0x7da4ed]
V  [jvm.dll+0x7dbe33]
V  [jvm.dll+0x7dc4a3]
V  [jvm.dll+0x24508f]
V  [jvm.dll+0xa5e2b]
V  [jvm.dll+0x2d4e37]
V  [jvm.dll+0x7ac9ec]
V  [jvm.dll+0x367591]
V  [jvm.dll+0x78b999]
V  [jvm.dll+0x3ec83f]
V  [jvm.dll+0x3ee471]
C  [jli.dll+0x5297]
C  [ucrtbase.dll+0x21bb2]
C  [KERNEL32.DLL+0x17614]
C  [ntdll.dll+0x526f1]


---------------  P R O C E S S  ---------------

Threads class SMR info:
_java_thread_list=0x00007ff813877a18, length=0, elements={
}

Java Threads: ( => current thread )

Other Threads:

=>0x000001b07a1df020 (exited) JavaThread "Unknown thread" [_thread_in_vm, id=16176, stack(0x0000006133d00000,0x0000006133e00000)]

Threads with active compile tasks:

VM state: not at safepoint (not fully initialized)

VM Mutex/Monitor currently owned by a thread: None

Heap address: 0x0000000000000000, size: 0 MB, Compressed Oops mode: 32-bit

CDS archive(s) mapped at: [0x0000000000000000-0x0000000000000000-0x0000000000000000), size 0, SharedBaseAddress: 0x0000000800000000, ArchiveRelocationMode: 1.
Narrow klass base: 0x0000000000000000, Narrow klass shift: 0, Narrow klass range: 0x0

GC Precious Log:
<Empty>

GC Heap History (0 events):
No events

Deoptimization events (0 events):
No events

Classes unloaded (0 events):
No events

Classes redefined (0 events):
No events

Internal exceptions (0 events):
No events

VM Operations (0 events):
No events

Events (1 events):
Event: 0.677 Loaded shared library D:\Download\JAVA\APP\jdk17\bin\java.dll


Dynamic libraries:
0x00007ff742170000 - 0x00007ff742180000 	D:\Download\JAVA\APP\jdk17\bin\java.exe
0x00007ff88d2f0000 - 0x00007ff88d4e8000 	C:\Windows\SYSTEM32\ntdll.dll
0x00007ff88ca60000 - 0x00007ff88cb1f000 	C:\Windows\System32\KERNEL32.DLL
0x00007ff88abc0000 - 0x00007ff88aeb6000 	C:\Windows\System32\KERNELBASE.dll
0x00007ff88af70000 - 0x00007ff88b070000 	C:\Windows\System32\ucrtbase.dll
0x00007ff880660000 - 0x00007ff88067b000 	D:\Download\JAVA\APP\jdk17\bin\VCRUNTIME140.dll
0x00007ff881d30000 - 0x00007ff881d49000 	D:\Download\JAVA\APP\jdk17\bin\jli.dll
0x00007ff88ce60000 - 0x00007ff88cf0f000 	C:\Windows\System32\ADVAPI32.dll
0x00007ff88cfd0000 - 0x00007ff88d06e000 	C:\Windows\System32\msvcrt.dll
0x00007ff88bc00000 - 0x00007ff88bc9c000 	C:\Windows\System32\sechost.dll
0x00007ff88d070000 - 0x00007ff88d196000 	C:\Windows\System32\RPCRT4.dll
0x00007ff88b380000 - 0x00007ff88b51d000 	C:\Windows\System32\USER32.dll
0x00007ff88ab90000 - 0x00007ff88abb2000 	C:\Windows\System32\win32u.dll
0x00007ff88b5a0000 - 0x00007ff88b5cc000 	C:\Windows\System32\GDI32.dll
0x00007ff88a9d0000 - 0x00007ff88aae5000 	C:\Windows\System32\gdi32full.dll
0x00007ff88b150000 - 0x00007ff88b1ed000 	C:\Windows\System32\msvcp_win.dll
0x00007ff87d060000 - 0x00007ff87d2fa000 	C:\Windows\WinSxS\amd64_microsoft.windows.common-controls_6595b64144ccf1df_6.0.19041.1110_none_60b5254171f9507e\COMCTL32.dll
0x00007ff881220000 - 0x00007ff88122a000 	C:\Windows\SYSTEM32\VERSION.dll
0x00007ff88b350000 - 0x00007ff88b380000 	C:\Windows\System32\IMM32.DLL
0x00007ff881c80000 - 0x00007ff881c8c000 	D:\Download\JAVA\APP\jdk17\bin\vcruntime140_1.dll
0x00007ff85f4b0000 - 0x00007ff85f53e000 	D:\Download\JAVA\APP\jdk17\bin\msvcp140.dll
0x00007ff812dc0000 - 0x00007ff8139a0000 	D:\Download\JAVA\APP\jdk17\bin\server\jvm.dll
0x00007ff88cb20000 - 0x00007ff88cb28000 	C:\Windows\System32\PSAPI.DLL
0x00007ff86ca10000 - 0x00007ff86ca19000 	C:\Windows\SYSTEM32\WSOCK32.dll
0x00007ff88c690000 - 0x00007ff88c6fb000 	C:\Windows\System32\WS2_32.dll
0x00007ff87d4f0000 - 0x00007ff87d517000 	C:\Windows\SYSTEM32\WINMM.dll
0x00007ff888840000 - 0x00007ff888852000 	C:\Windows\SYSTEM32\kernel.appcore.dll
0x00007ff881c20000 - 0x00007ff881c2a000 	D:\Download\JAVA\APP\jdk17\bin\jimage.dll
0x00007ff886470000 - 0x00007ff886654000 	C:\Windows\SYSTEM32\DBGHELP.DLL
0x00007ff878170000 - 0x00007ff8781a4000 	C:\Windows\SYSTEM32\dbgcore.DLL
0x00007ff88b070000 - 0x00007ff88b0f2000 	C:\Windows\System32\bcryptPrimitives.dll
0x00007ff8663f0000 - 0x00007ff8663fe000 	D:\Download\JAVA\APP\jdk17\bin\instrument.dll
0x00007ff87a1f0000 - 0x00007ff87a215000 	D:\Download\JAVA\APP\jdk17\bin\java.dll

dbghelp: loaded successfully - version: 4.0.5 - missing functions: none
symbol engine: initialized successfully - sym options: 0x614 - pdb path: .;D:\Download\JAVA\APP\jdk17\bin;C:\Windows\SYSTEM32;C:\Windows\WinSxS\amd64_microsoft.windows.common-controls_6595b64144ccf1df_6.0.19041.1110_none_60b5254171f9507e;D:\Download\JAVA\APP\jdk17\bin\server

VM Arguments:
jvm_args: -XX:TieredStopAtLevel=1 -Dspring.output.ansi.enabled=always -Dcom.sun.management.jmxremote -Dspring.jmx.enabled=true -Dspring.liveBeansView.mbeanDomain -Dspring.application.admin.enabled=true -Dmanagement.endpoints.jmx.exposure.include=* -javaagent:D:\Download\JAVA\APP\IntelliJ IDEA 2024.1.7\lib\idea_rt.jar=60379:D:\Download\JAVA\APP\IntelliJ IDEA 2024.1.7\bin -Dfile.encoding=UTF-8 
java_command: fpt.duantotnghiep.sd28.PhoStepBackendApplication
java_class_path (initial): D:\Download\DATN_PHOSTEP\Pho-step-Backend-\target\classes;C:\Users\DELL\.m2\repository\org\springframework\boot\spring-boot-starter-web\3.5.0\spring-boot-starter-web-3.5.0.jar;C:\Users\DELL\.m2\repository\org\springframework\boot\spring-boot-starter\3.5.0\spring-boot-starter-3.5.0.jar;C:\Users\DELL\.m2\repository\org\springframework\boot\spring-boot\3.5.0\spring-boot-3.5.0.jar;C:\Users\DELL\.m2\repository\org\springframework\boot\spring-boot-autoconfigure\3.5.0\spring-boot-autoconfigure-3.5.0.jar;C:\Users\DELL\.m2\repository\org\springframework\boot\spring-boot-starter-logging\3.5.0\spring-boot-starter-logging-3.5.0.jar;C:\Users\DELL\.m2\repository\ch\qos\logback\logback-classic\1.5.18\logback-classic-1.5.18.jar;C:\Users\DELL\.m2\repository\ch\qos\logback\logback-core\1.5.18\logback-core-1.5.18.jar;C:\Users\DELL\.m2\repository\org\apache\logging\log4j\log4j-to-slf4j\2.24.3\log4j-to-slf4j-2.24.3.jar;C:\Users\DELL\.m2\repository\org\apache\logging\log4j\log4j-api\2.24.3\log4j-api-2.24.3.jar;C:\Users\DELL\.m2\repository\org\slf4j\jul-to-slf4j\2.0.17\jul-to-slf4j-2.0.17.jar;C:\Users\DELL\.m2\repository\jakarta\annotation\jakarta.annotation-api\2.1.1\jakarta.annotation-api-2.1.1.jar;C:\Users\DELL\.m2\repository\org\yaml\snakeyaml\2.4\snakeyaml-2.4.jar;C:\Users\DELL\.m2\repository\org\springframework\boot\spring-boot-starter-json\3.5.0\spring-boot-starter-json-3.5.0.jar;C:\Users\DELL\.m2\repository\com\fasterxml\jackson\core\jackson-databind\2.19.0\jackson-databind-2.19.0.jar;C:\Users\DELL\.m2\repository\com\fasterxml\jackson\core\jackson-annotations\2.19.0\jackson-annotations-2.19.0.jar;C:\Users\DELL\.m2\repository\com\fasterxml\jackson\core\jackson-core\2.19.0\jackson-core-2.19.0.jar;C:\Users\DELL\.m2\repository\com\fasterxml\jackson\datatype\jackson-datatype-jdk8\2.19.0\jackson-datatype-jdk8-2.19.0.jar;C:\Users\DELL\.m2\repository\com\fasterxml\jackson\datatype\jackson-datatype-jsr310\2.19.0\jackson-datatype-jsr310-2.19.0.jar;C:\Users\DELL\
Launcher Type: SUN_STANDARD

[Global flags]
     intx CICompilerCount                          = 3                                         {product} {ergonomic}
     uint ConcGCThreads                            = 1                                         {product} {ergonomic}
     uint G1ConcRefinementThreads                  = 4                                         {product} {ergonomic}
   size_t G1HeapRegionSize                         = 1048576                                   {product} {ergonomic}
    uintx GCDrainStackTargetSize                   = 64                                        {product} {ergonomic}
   size_t InitialHeapSize                          = 134217728                                 {product} {ergonomic}
     bool ManagementServer                         = true                                      {product} {command line}
   size_t MarkStackSize                            = 4194304                                   {product} {ergonomic}
   size_t MaxHeapSize                              = 2118123520                                {product} {ergonomic}
   size_t MinHeapDeltaBytes                        = 1048576                                   {product} {ergonomic}
   size_t MinHeapSize                              = 8388608                                   {product} {ergonomic}
    uintx NonProfiledCodeHeapSize                  = 0                                      {pd product} {ergonomic}
     bool ProfileInterpreter                       = false                                  {pd product} {command line}
    uintx ProfiledCodeHeapSize                     = 0                                      {pd product} {ergonomic}
   size_t SoftMaxHeapSize                          = 2118123520                             {manageable} {ergonomic}
     intx TieredStopAtLevel                        = 1                                         {product} {command line}
     bool UseCompressedClassPointers               = true                           {product lp64_product} {ergonomic}
     bool UseCompressedOops                        = true                           {product lp64_product} {ergonomic}
     bool UseG1GC                                  = true                                      {product} {ergonomic}
     bool UseLargePagesIndividualAllocation        = false                                  {pd product} {ergonomic}

Logging:
Log output configuration:
 #0: stdout all=warning uptime,level,tags
 #1: stderr all=off uptime,level,tags

Environment Variables:
JAVA_HOME=D:\Download\JAVA\APP\jdk17
PATH=C:\Program Files\Python38\Scripts\;C:\Program Files\Python38\;C:\Program Files (x86)\Common Files\Oracle\Java\java8path;C:\Program Files (x86)\Common Files\Oracle\Java\javapath;D:\Download\JAVA\APP\Oracle\dbhomeXE\bin;C:\Windows\system32;C:\Windows;C:\Windows\System32\Wbem;C:\Windows\System32\WindowsPowerShell\v1.0\;C:\Windows\System32\OpenSSH\;C:\Program Files (x86)\Microsoft SQL Server\160\Tools\Binn\;C:\Program Files\Microsoft SQL Server\160\Tools\Binn\;C:\Program Files\Microsoft SQL Server\Client SDK\ODBC\170\Tools\Binn\;C:\Program Files\Microsoft SQL Server\160\DTS\Binn\;C:\Program Files (x86)\Microsoft SQL Server\160\DTS\Binn\;C:\Program Files\Git\cmd;C:\Program Files\Cloudflare\Cloudflare WARP\;D:\Download\Proton\Database_Tranning;D:\Download\JAVA\APP\node.js\;C:\Program Files\Docker\Docker\resources\bin;D:\Download\Proton\Odoo15+PostgreSQL14\openSSL\bin;D:\Download\Proton\Odoo15+PostgreSQL14\python\;D:\Download\Proton\Odoo15+PostgreSQL14\python\Scripts\;D:\Download\Proton\Odoo15+PostgreSQL14\wkhtmltopdf\bin;D:\Download\JAVA\postgreSQL\bin;C:\Users\DELL\AppData\Local\Programs\Python\Launcher\;C:\Users\DELL\AppData\Local\Microsoft\WindowsApps;;D:\Download\JAVA\APP\IntelliJ IDEA 2024.3.1.1\bin;;D:\Download\vscode\Microsoft VS Code\bin;C:\Users\DELL\AppData\Roaming\npm
USERNAME=DELL
OS=Windows_NT
PROCESSOR_IDENTIFIER=Intel64 Family 6 Model 94 Stepping 3, GenuineIntel



---------------  S Y S T E M  ---------------

OS:
 Windows 10 , 64 bit Build 19041 (10.0.19041.3031)
OS uptime: 10 days 1:42 hours
Hyper-V role detected

CPU: total 4 (initial active 4) (4 cores per cpu, 1 threads per core) family 6 model 94 stepping 3 microcode 0xcc, cx8, cmov, fxsr, mmx, 3dnowpref, sse, sse2, sse3, ssse3, sse4.1, sse4.2, popcnt, lzcnt, tsc, tscinvbit, avx, avx2, aes, erms, clmul, bmi1, bmi2, rtm, adx, fma, vzeroupper, clflush, clflushopt, hv

Memory: 4k page, system-wide physical 8075M (474M free)
TotalPageFile size 20910M (AvailPageFile size 49M)
current process WorkingSet (physical memory assigned to process): 9M, peak: 9M
current process commit charge ("private bytes"): 7M, peak: 8M

vm_info: Java HotSpot(TM) 64-Bit Server VM (17.0.12+8-LTS-286) for windows-amd64 JRE (17.0.12+8-LTS-286), built on Jun  5 2024 06:46:59 by "mach5one" with MS VC++ 17.6 (VS2022)

END.
