#
# There is insufficient memory for the Java Runtime Environment to continue.
# Native memory allocation (mmap) failed to map 279969792 bytes for G1 virtual space
# Possible reasons:
#   The system is out of physical RAM or swap space
#   The process is running with CompressedOops enabled, and the Java Heap may be blocking the growth of the native heap
# Possible solutions:
#   Reduce memory load on the system
#   Increase physical memory or swap space
#   Check if swap backing store is full
#   Decrease Java heap size (-Xmx/-Xms)
#   Decrease number of Java threads
#   Decrease Java thread stack sizes (-Xss)
#   Set larger code cache with -XX:ReservedCodeCacheSize=
#   JVM is running with Unscaled Compressed Oops mode in which the Java heap is
#     placed in the first 4GB address space. The Java Heap base address is the
#     maximum limit for the native heap growth. Please use -XX:HeapBaseMinAddress
#     to set the Java Heap base and to place the Java Heap above 4GB virtual address.
# This output file may be truncated or incomplete.
#
#  Out of Memory Error (os_windows.cpp:3548), pid=3480, tid=2348
#
# JRE version: Java(TM) SE Runtime Environment (17.0.12+8) (build 17.0.12+8-LTS-286)
# Java VM: Java HotSpot(TM) 64-Bit Server VM (17.0.12+8-LTS-286, mixed mode, emulated-client, sharing, tiered, compressed oops, compressed class ptrs, g1 gc, windows-amd64)
# No core dump will be written. Minidumps are not enabled by default on client versions of Windows
#

---------------  S U M M A R Y ------------

Command Line: -XX:TieredStopAtLevel=1 -Dspring.output.ansi.enabled=always -Dcom.sun.management.jmxremote -Dspring.jmx.enabled=true -Dspring.liveBeansView.mbeanDomain -Dspring.application.admin.enabled=true -Dmanagement.endpoints.jmx.exposure.include=* -javaagent:D:\Download\JAVA\APP\IntelliJ IDEA 2024.1.7\lib\idea_rt.jar=49287:D:\Download\JAVA\APP\IntelliJ IDEA 2024.1.7\bin -Dfile.encoding=UTF-8 fpt.duantotnghiep.sd28.PhoStepBackendApplication

Host: Intel(R) Core(TM) i5-6440HQ CPU @ 2.60GHz, 4 cores, 7G,  Windows 10 , 64 bit Build 19041 (10.0.19041.3031)
Time: Thu Jul 24 15:42:58 2025 SE Asia Standard Time elapsed time: 12.481484 seconds (0d 0h 0m 12s)

---------------  T H R E A D  ---------------

Current thread (0x000001ebaf1b6fa0):  VMThread "VM Thread" [stack: 0x0000002e43d00000,0x0000002e43e00000] [id=2348]

Stack: [0x0000002e43d00000,0x0000002e43e00000]
Native frames: (J=compiled Java code, j=interpreted, Vv=VM code, C=native code)
V  [jvm.dll+0x67a04a]
V  [jvm.dll+0x7da4ed]
V  [jvm.dll+0x7dbe33]
V  [jvm.dll+0x7dc4a3]
V  [jvm.dll+0x24508f]
V  [jvm.dll+0x677089]
V  [jvm.dll+0x66bd32]
V  [jvm.dll+0x301fa6]
V  [jvm.dll+0x309546]
V  [jvm.dll+0x359d2e]
V  [jvm.dll+0x359f5f]
V  [jvm.dll+0x2d9078]
V  [jvm.dll+0x2d74ad]
V  [jvm.dll+0x2d6afc]
V  [jvm.dll+0x31a65b]
V  [jvm.dll+0x7e0d9b]
V  [jvm.dll+0x7e1ad4]
V  [jvm.dll+0x7e1fed]
V  [jvm.dll+0x7e23c4]
V  [jvm.dll+0x7e2490]
V  [jvm.dll+0x78abea]
V  [jvm.dll+0x678f35]
C  [ucrtbase.dll+0x21bb2]
C  [KERNEL32.DLL+0x17614]
C  [ntdll.dll+0x526f1]

VM_Operation (0x0000002e437f1c80): G1CollectForAllocation, mode: safepoint, requested by thread 0x000001eb9db73f90


---------------  P R O C E S S  ---------------

Threads class SMR info:
_java_thread_list=0x000001ebf6a44200, length=22, elements={
0x000001eb9db73f90, 0x000001ebaf1bd010, 0x000001ebaf1bde90, 0x000001ebaf1d0030,
0x000001ebaf1d0eb0, 0x000001ebaf1d4890, 0x000001ebaf1d5250, 0x000001ebaf1d5cc0,
0x000001ebaf1d7f00, 0x000001ebaf25ea20, 0x000001ebaf1a7d20, 0x000001ebaf3e5a50,
0x000001ebaf7ad6f0, 0x000001ebaf8fce10, 0x000001ebafcdacf0, 0x000001ebafda76d0,
0x000001ebafb8cbf0, 0x000001ebafb8a880, 0x000001ebafb8bcc0, 0x000001ebafb8ad90,
0x000001ebafb8d610, 0x000001ebafb8c6e0
}

Java Threads: ( => current thread )
  0x000001eb9db73f90 JavaThread "main" [_thread_blocked, id=17748, stack(0x0000002e43700000,0x0000002e43800000)]
  0x000001ebaf1bd010 JavaThread "Reference Handler" daemon [_thread_blocked, id=12612, stack(0x0000002e43e00000,0x0000002e43f00000)]
  0x000001ebaf1bde90 JavaThread "Finalizer" daemon [_thread_blocked, id=17228, stack(0x0000002e43f00000,0x0000002e44000000)]
  0x000001ebaf1d0030 JavaThread "Signal Dispatcher" daemon [_thread_blocked, id=6840, stack(0x0000002e44000000,0x0000002e44100000)]
  0x000001ebaf1d0eb0 JavaThread "Attach Listener" daemon [_thread_blocked, id=11528, stack(0x0000002e44100000,0x0000002e44200000)]
  0x000001ebaf1d4890 JavaThread "Service Thread" daemon [_thread_blocked, id=16844, stack(0x0000002e44200000,0x0000002e44300000)]
  0x000001ebaf1d5250 JavaThread "Monitor Deflation Thread" daemon [_thread_blocked, id=3092, stack(0x0000002e44300000,0x0000002e44400000)]
  0x000001ebaf1d5cc0 JavaThread "C1 CompilerThread0" daemon [_thread_blocked, id=12352, stack(0x0000002e44400000,0x0000002e44500000)]
  0x000001ebaf1d7f00 JavaThread "Sweeper thread" daemon [_thread_blocked, id=15696, stack(0x0000002e44500000,0x0000002e44600000)]
  0x000001ebaf25ea20 JavaThread "Common-Cleaner" daemon [_thread_blocked, id=15336, stack(0x0000002e44600000,0x0000002e44700000)]
  0x000001ebaf1a7d20 JavaThread "C1 CompilerThread1" daemon [_thread_blocked, id=14216, stack(0x0000002e44700000,0x0000002e44800000)]
  0x000001ebaf3e5a50 JavaThread "C1 CompilerThread2" daemon [_thread_blocked, id=18044, stack(0x0000002e44800000,0x0000002e44900000)]
  0x000001ebaf7ad6f0 JavaThread "Notification Thread" daemon [_thread_blocked, id=13352, stack(0x0000002e44a00000,0x0000002e44b00000)]
  0x000001ebaf8fce10 JavaThread "RMI TCP Accept-0" daemon [_thread_in_native, id=17160, stack(0x0000002e44b00000,0x0000002e44c00000)]
  0x000001ebafcdacf0 JavaThread "RMI TCP Connection(idle)" daemon [_thread_blocked, id=18852, stack(0x0000002e45200000,0x0000002e45300000)]
  0x000001ebafda76d0 JavaThread "RMI Scheduler(0)" daemon [_thread_blocked, id=10724, stack(0x0000002e45100000,0x0000002e45200000)]
  0x000001ebafb8cbf0 JavaThread "Catalina-utility-1" [_thread_blocked, id=14208, stack(0x0000002e45300000,0x0000002e45400000)]
  0x000001ebafb8a880 JavaThread "Catalina-utility-2" [_thread_blocked, id=20464, stack(0x0000002e45400000,0x0000002e45500000)]
  0x000001ebafb8bcc0 JavaThread "container-0" [_thread_blocked, id=11520, stack(0x0000002e45500000,0x0000002e45600000)]
  0x000001ebafb8ad90 JavaThread "RMI TCP Connection(idle)" daemon [_thread_blocked, id=16364, stack(0x0000002e45700000,0x0000002e45800000)]
  0x000001ebafb8d610 JavaThread "mssql-jdbc-shared-timer-core-0" daemon [_thread_blocked, id=17912, stack(0x0000002e45800000,0x0000002e45900000)]
  0x000001ebafb8c6e0 JavaThread "HikariPool-1:housekeeper" daemon [_thread_blocked, id=13236, stack(0x0000002e45900000,0x0000002e45a00000)]

Other Threads:
=>0x000001ebaf1b6fa0 VMThread "VM Thread" [stack: 0x0000002e43d00000,0x0000002e43e00000] [id=2348]
  0x000001ebaf898b40 WatcherThread [stack: 0x0000002e44c00000,0x0000002e44d00000] [id=13144]
  0x000001eb9dbcd8e0 GCTaskThread "GC Thread#0" [stack: 0x0000002e43800000,0x0000002e43900000] [id=14124]
  0x000001ebaf96c010 GCTaskThread "GC Thread#1" [stack: 0x0000002e44d00000,0x0000002e44e00000] [id=5172]
  0x000001ebaf96c2d0 GCTaskThread "GC Thread#2" [stack: 0x0000002e44e00000,0x0000002e44f00000] [id=1228]
  0x000001ebaf93c070 GCTaskThread "GC Thread#3" [stack: 0x0000002e44f00000,0x0000002e45000000] [id=9076]
  0x000001eb9dbda580 ConcurrentGCThread "G1 Main Marker" [stack: 0x0000002e43900000,0x0000002e43a00000] [id=2464]
  0x000001eb9ba8df00 ConcurrentGCThread "G1 Conc#0" [stack: 0x0000002e43a00000,0x0000002e43b00000] [id=9556]
  0x000001eb9dc2f300 ConcurrentGCThread "G1 Refine#0" [stack: 0x0000002e43b00000,0x0000002e43c00000] [id=17452]
  0x000001ebaf96ad10 ConcurrentGCThread "G1 Refine#1" [stack: 0x0000002e45000000,0x0000002e45100000] [id=12964]
  0x000001ebf5cdcc20 ConcurrentGCThread "G1 Refine#2" [stack: 0x0000002e45b00000,0x0000002e45c00000] [id=3080]
  0x000001ebf5cdcf10 ConcurrentGCThread "G1 Refine#3" [stack: 0x0000002e45c00000,0x0000002e45d00000] [id=23264]
  0x000001eb9dc2fd30 ConcurrentGCThread "G1 Service" [stack: 0x0000002e43c00000,0x0000002e43d00000] [id=17700]

Threads with active compile tasks:

VM state: at safepoint (normal execution)

VM Mutex/Monitor currently owned by a thread:  ([mutex/lock_event])
[0x000001eb9db6ff70] Threads_lock - owner thread: 0x000001ebaf1b6fa0
[0x000001eb9db706c0] Heap_lock - owner thread: 0x000001eb9db73f90

Heap address: 0x0000000081c00000, size: 2020 MB, Compressed Oops mode: 32-bit

CDS archive(s) mapped at: [0x000001ebb0000000-0x000001ebb0bd0000-0x000001ebb0bd0000), size 12386304, SharedBaseAddress: 0x000001ebb0000000, ArchiveRelocationMode: 1.
Compressed class space mapped at: 0x000001ebb1000000-0x000001ebf1000000, reserved size: 1073741824
Narrow klass base: 0x000001ebb0000000, Narrow klass shift: 0, Narrow klass range: 0x100000000

GC Precious Log:
 CPUs: 4 total, 4 available
 Memory: 8075M
 Large Page Support: Disabled
 NUMA Support: Disabled
 Compressed Oops: Enabled (32-bit)
 Heap Region Size: 1M
 Heap Min Capacity: 8M
 Heap Initial Capacity: 128M
 Heap Max Capacity: 2020M
 Pre-touch: Disabled
 Parallel Workers: 4
 Concurrent Workers: 1
 Concurrent Refinement Workers: 4
 Periodic GC: Disabled

Heap:
 garbage-first heap   total 270336K, used 111815K [0x0000000081c00000, 0x0000000100000000)
  region size 1024K, 16 young (16384K), 16 survivors (16384K)
 Metaspace       used 74719K, committed 75392K, reserved 1114112K
  class space    used 10877K, committed 11200K, reserved 1048576K

Heap Regions: E=young(eden), S=young(survivor), O=old, HS=humongous(starts), HC=humongous(continues), CS=collection set, F=free, OA=open archive, CA=closed archive, TAMS=top-at-mark-start (previous, next)
|   0|0x0000000081c00000, 0x0000000081d00000, 0x0000000081d00000|100%|HS|  |TAMS 0x0000000081d00000, 0x0000000081c00000| Complete 
|   1|0x0000000081d00000, 0x0000000081e00000, 0x0000000081e00000|100%|HS|  |TAMS 0x0000000081e00000, 0x0000000081d00000| Complete 
|   2|0x0000000081e00000, 0x0000000081f00000, 0x0000000081f00000|100%| O|  |TAMS 0x0000000081f00000, 0x0000000081e00000| Untracked 
|   3|0x0000000081f00000, 0x0000000082000000, 0x0000000082000000|100%| O|  |TAMS 0x0000000082000000, 0x0000000081f00000| Untracked 
|   4|0x0000000082000000, 0x0000000082100000, 0x0000000082100000|100%| O|  |TAMS 0x0000000082100000, 0x0000000082000000| Untracked 
|   5|0x0000000082100000, 0x0000000082200000, 0x0000000082200000|100%| O|  |TAMS 0x0000000082200000, 0x0000000082100000| Untracked 
|   6|0x0000000082200000, 0x0000000082300000, 0x0000000082300000|100%| O|  |TAMS 0x0000000082300000, 0x0000000082200000| Untracked 
|   7|0x0000000082300000, 0x0000000082400000, 0x0000000082400000|100%| O|  |TAMS 0x0000000082400000, 0x0000000082300000| Untracked 
|   8|0x0000000082400000, 0x000000008245d600, 0x0000000082500000| 36%| O|  |TAMS 0x000000008245d600, 0x0000000082400000| Untracked 
|   9|0x0000000082500000, 0x0000000082600000, 0x0000000082600000|100%| O|  |TAMS 0x0000000082600000, 0x0000000082500000| Untracked 
|  10|0x0000000082600000, 0x0000000082700000, 0x0000000082700000|100%| O|  |TAMS 0x0000000082700000, 0x0000000082600000| Untracked 
|  11|0x0000000082700000, 0x0000000082800000, 0x0000000082800000|100%| O|  |TAMS 0x0000000082800000, 0x0000000082700000| Untracked 
|  12|0x0000000082800000, 0x0000000082900000, 0x0000000082900000|100%| O|  |TAMS 0x0000000082900000, 0x0000000082800000| Untracked 
|  13|0x0000000082900000, 0x0000000082a00000, 0x0000000082a00000|100%| O|  |TAMS 0x0000000082a00000, 0x0000000082900000| Untracked 
|  14|0x0000000082a00000, 0x0000000082b00000, 0x0000000082b00000|100%| O|  |TAMS 0x0000000082b00000, 0x0000000082a00000| Untracked 
|  15|0x0000000082b00000, 0x0000000082c00000, 0x0000000082c00000|100%| O|  |TAMS 0x0000000082c00000, 0x0000000082b00000| Untracked 
|  16|0x0000000082c00000, 0x0000000082d00000, 0x0000000082d00000|100%| O|  |TAMS 0x0000000082d00000, 0x0000000082c00000| Untracked 
|  17|0x0000000082d00000, 0x0000000082e00000, 0x0000000082e00000|100%| O|  |TAMS 0x0000000082e00000, 0x0000000082d00000| Untracked 
|  18|0x0000000082e00000, 0x0000000082f00000, 0x0000000082f00000|100%| O|  |TAMS 0x0000000082f00000, 0x0000000082e00000| Untracked 
|  19|0x0000000082f00000, 0x0000000083000000, 0x0000000083000000|100%| O|  |TAMS 0x0000000083000000, 0x0000000082f00000| Untracked 
|  20|0x0000000083000000, 0x0000000083100000, 0x0000000083100000|100%| O|  |TAMS 0x0000000083100000, 0x0000000083000000| Untracked 
|  21|0x0000000083100000, 0x0000000083200000, 0x0000000083200000|100%| O|  |TAMS 0x0000000083200000, 0x0000000083100000| Untracked 
|  22|0x0000000083200000, 0x0000000083300000, 0x0000000083300000|100%| O|  |TAMS 0x0000000083300000, 0x0000000083200000| Untracked 
|  23|0x0000000083300000, 0x0000000083400000, 0x0000000083400000|100%| O|  |TAMS 0x0000000083400000, 0x0000000083300000| Untracked 
|  24|0x0000000083400000, 0x0000000083500000, 0x0000000083500000|100%| O|  |TAMS 0x0000000083500000, 0x0000000083400000| Untracked 
|  25|0x0000000083500000, 0x0000000083600000, 0x0000000083600000|100%| O|  |TAMS 0x0000000083600000, 0x0000000083500000| Untracked 
|  26|0x0000000083600000, 0x0000000083700000, 0x0000000083700000|100%| O|  |TAMS 0x0000000083700000, 0x0000000083600000| Untracked 
|  27|0x0000000083700000, 0x0000000083800000, 0x0000000083800000|100%| O|  |TAMS 0x0000000083800000, 0x0000000083700000| Untracked 
|  28|0x0000000083800000, 0x0000000083900000, 0x0000000083900000|100%| O|  |TAMS 0x0000000083900000, 0x0000000083800000| Untracked 
|  29|0x0000000083900000, 0x0000000083a00000, 0x0000000083a00000|100%| O|  |TAMS 0x0000000083a00000, 0x0000000083900000| Untracked 
|  30|0x0000000083a00000, 0x0000000083b00000, 0x0000000083b00000|100%| O|  |TAMS 0x0000000083b00000, 0x0000000083a00000| Untracked 
|  31|0x0000000083b00000, 0x0000000083c00000, 0x0000000083c00000|100%| O|  |TAMS 0x0000000083c00000, 0x0000000083b00000| Untracked 
|  32|0x0000000083c00000, 0x0000000083d00000, 0x0000000083d00000|100%| O|  |TAMS 0x0000000083d00000, 0x0000000083c00000| Untracked 
|  33|0x0000000083d00000, 0x0000000083e00000, 0x0000000083e00000|100%| O|  |TAMS 0x0000000083e00000, 0x0000000083d00000| Untracked 
|  34|0x0000000083e00000, 0x0000000083f00000, 0x0000000083f00000|100%| O|  |TAMS 0x0000000083f00000, 0x0000000083e00000| Untracked 
|  35|0x0000000083f00000, 0x0000000084000000, 0x0000000084000000|100%| O|  |TAMS 0x0000000084000000, 0x0000000083f00000| Untracked 
|  36|0x0000000084000000, 0x0000000084100000, 0x0000000084100000|100%| O|  |TAMS 0x0000000084100000, 0x0000000084000000| Untracked 
|  37|0x0000000084100000, 0x0000000084200000, 0x0000000084200000|100%| O|  |TAMS 0x0000000084200000, 0x0000000084100000| Untracked 
|  38|0x0000000084200000, 0x0000000084300000, 0x0000000084300000|100%|HS|  |TAMS 0x0000000084200000, 0x0000000084200000| Complete 
|  39|0x0000000084300000, 0x0000000084400000, 0x0000000084400000|100%| O|  |TAMS 0x0000000084300000, 0x0000000084300000| Untracked 
|  40|0x0000000084400000, 0x0000000084500000, 0x0000000084500000|100%| O|  |TAMS 0x0000000084400000, 0x0000000084400000| Untracked 
|  41|0x0000000084500000, 0x0000000084600000, 0x0000000084600000|100%| O|  |TAMS 0x0000000084500000, 0x0000000084500000| Untracked 
|  42|0x0000000084600000, 0x0000000084700000, 0x0000000084700000|100%| O|  |TAMS 0x0000000084600000, 0x0000000084600000| Untracked 
|  43|0x0000000084700000, 0x0000000084800000, 0x0000000084800000|100%| O|  |TAMS 0x0000000084700000, 0x0000000084700000| Untracked 
|  44|0x0000000084800000, 0x0000000084900000, 0x0000000084900000|100%| O|  |TAMS 0x0000000084800000, 0x0000000084800000| Untracked 
|  45|0x0000000084900000, 0x0000000084a00000, 0x0000000084a00000|100%| O|  |TAMS 0x0000000084900000, 0x0000000084900000| Untracked 
|  46|0x0000000084a00000, 0x0000000084b00000, 0x0000000084b00000|100%| O|  |TAMS 0x0000000084a00000, 0x0000000084a00000| Untracked 
|  47|0x0000000084b00000, 0x0000000084c00000, 0x0000000084c00000|100%| O|  |TAMS 0x0000000084b00000, 0x0000000084b00000| Untracked 
|  48|0x0000000084c00000, 0x0000000084d00000, 0x0000000084d00000|100%| O|  |TAMS 0x0000000084c00000, 0x0000000084c00000| Untracked 
|  49|0x0000000084d00000, 0x0000000084e00000, 0x0000000084e00000|100%| O|  |TAMS 0x0000000084d00000, 0x0000000084d00000| Untracked 
|  50|0x0000000084e00000, 0x0000000084f00000, 0x0000000084f00000|100%| O|  |TAMS 0x0000000084e00000, 0x0000000084e00000| Untracked 
|  51|0x0000000084f00000, 0x0000000085000000, 0x0000000085000000|100%| O|  |TAMS 0x0000000084f00000, 0x0000000084f00000| Untracked 
|  52|0x0000000085000000, 0x0000000085100000, 0x0000000085100000|100%| O|  |TAMS 0x0000000085100000, 0x0000000085000000| Untracked 
|  53|0x0000000085100000, 0x0000000085200000, 0x0000000085200000|100%| O|  |TAMS 0x0000000085100000, 0x0000000085100000| Untracked 
|  54|0x0000000085200000, 0x0000000085300000, 0x0000000085300000|100%| O|  |TAMS 0x0000000085300000, 0x0000000085200000| Untracked 
|  55|0x0000000085300000, 0x0000000085400000, 0x0000000085400000|100%| O|  |TAMS 0x0000000085300000, 0x0000000085300000| Untracked 
|  56|0x0000000085400000, 0x0000000085500000, 0x0000000085500000|100%| O|  |TAMS 0x0000000085400000, 0x0000000085400000| Untracked 
|  57|0x0000000085500000, 0x0000000085600000, 0x0000000085600000|100%| O|  |TAMS 0x0000000085500000, 0x0000000085500000| Untracked 
|  58|0x0000000085600000, 0x0000000085700000, 0x0000000085700000|100%| O|  |TAMS 0x0000000085600000, 0x0000000085600000| Untracked 
|  59|0x0000000085700000, 0x0000000085800000, 0x0000000085800000|100%| O|  |TAMS 0x0000000085800000, 0x0000000085700000| Untracked 
|  60|0x0000000085800000, 0x0000000085900000, 0x0000000085900000|100%| O|  |TAMS 0x0000000085900000, 0x0000000085800000| Untracked 
|  61|0x0000000085900000, 0x0000000085a00000, 0x0000000085a00000|100%|HS|  |TAMS 0x0000000085900000, 0x0000000085900000| Complete 
|  62|0x0000000085a00000, 0x0000000085b00000, 0x0000000085b00000|100%|HC|  |TAMS 0x0000000085a00000, 0x0000000085a00000| Complete 
|  63|0x0000000085b00000, 0x0000000085c00000, 0x0000000085c00000|100%| O|  |TAMS 0x0000000085b00000, 0x0000000085b00000| Untracked 
|  64|0x0000000085c00000, 0x0000000085d00000, 0x0000000085d00000|100%| O|  |TAMS 0x0000000085c00000, 0x0000000085c00000| Untracked 
|  65|0x0000000085d00000, 0x0000000085e00000, 0x0000000085e00000|100%| O|  |TAMS 0x0000000085e00000, 0x0000000085d00000| Untracked 
|  66|0x0000000085e00000, 0x0000000085f00000, 0x0000000085f00000|100%| O|  |TAMS 0x0000000085f00000, 0x0000000085e00000| Untracked 
|  67|0x0000000085f00000, 0x0000000086000000, 0x0000000086000000|100%| O|  |TAMS 0x0000000086000000, 0x0000000085f00000| Untracked 
|  68|0x0000000086000000, 0x0000000086100000, 0x0000000086100000|100%| O|  |TAMS 0x0000000086100000, 0x0000000086000000| Untracked 
|  69|0x0000000086100000, 0x0000000086200000, 0x0000000086200000|100%| O|  |TAMS 0x0000000086200000, 0x0000000086100000| Untracked 
|  70|0x0000000086200000, 0x0000000086300000, 0x0000000086300000|100%| O|  |TAMS 0x0000000086200000, 0x0000000086200000| Untracked 
|  71|0x0000000086300000, 0x0000000086400000, 0x0000000086400000|100%| O|  |TAMS 0x0000000086300000, 0x0000000086300000| Untracked 
|  72|0x0000000086400000, 0x0000000086500000, 0x0000000086500000|100%| O|  |TAMS 0x0000000086400000, 0x0000000086400000| Untracked 
|  73|0x0000000086500000, 0x0000000086600000, 0x0000000086600000|100%| O|  |TAMS 0x0000000086500000, 0x0000000086500000| Untracked 
|  74|0x0000000086600000, 0x0000000086700000, 0x0000000086700000|100%| O|  |TAMS 0x0000000086600000, 0x0000000086600000| Untracked 
|  75|0x0000000086700000, 0x0000000086800000, 0x0000000086800000|100%| O|  |TAMS 0x0000000086700000, 0x0000000086700000| Untracked 
|  76|0x0000000086800000, 0x0000000086900000, 0x0000000086900000|100%| O|  |TAMS 0x0000000086800000, 0x0000000086800000| Untracked 
|  77|0x0000000086900000, 0x0000000086a00000, 0x0000000086a00000|100%| O|  |TAMS 0x0000000086900000, 0x0000000086900000| Untracked 
|  78|0x0000000086a00000, 0x0000000086b00000, 0x0000000086b00000|100%| O|  |TAMS 0x0000000086a00000, 0x0000000086a00000| Untracked 
|  79|0x0000000086b00000, 0x0000000086c00000, 0x0000000086c00000|100%| O|  |TAMS 0x0000000086b00000, 0x0000000086b00000| Untracked 
|  80|0x0000000086c00000, 0x0000000086d00000, 0x0000000086d00000|100%| O|  |TAMS 0x0000000086c00000, 0x0000000086c00000| Untracked 
|  81|0x0000000086d00000, 0x0000000086e00000, 0x0000000086e00000|100%| O|  |TAMS 0x0000000086d00000, 0x0000000086d00000| Untracked 
|  82|0x0000000086e00000, 0x0000000086f00000, 0x0000000086f00000|100%| O|  |TAMS 0x0000000086e00000, 0x0000000086e00000| Untracked 
|  83|0x0000000086f00000, 0x0000000087000000, 0x0000000087000000|100%| O|  |TAMS 0x0000000086f00000, 0x0000000086f00000| Untracked 
|  84|0x0000000087000000, 0x0000000087100000, 0x0000000087100000|100%| O|  |TAMS 0x0000000087000000, 0x0000000087000000| Untracked 
|  85|0x0000000087100000, 0x0000000087200000, 0x0000000087200000|100%| O|  |TAMS 0x0000000087100000, 0x0000000087100000| Untracked 
|  86|0x0000000087200000, 0x0000000087300000, 0x0000000087300000|100%| O|  |TAMS 0x0000000087200000, 0x0000000087200000| Untracked 
|  87|0x0000000087300000, 0x0000000087400000, 0x0000000087400000|100%| O|  |TAMS 0x0000000087300000, 0x0000000087300000| Untracked 
|  88|0x0000000087400000, 0x0000000087500000, 0x0000000087500000|100%| O|  |TAMS 0x0000000087400000, 0x0000000087400000| Untracked 
|  89|0x0000000087500000, 0x0000000087600000, 0x0000000087600000|100%| O|  |TAMS 0x0000000087500000, 0x0000000087500000| Untracked 
|  90|0x0000000087600000, 0x0000000087700000, 0x0000000087700000|100%| O|  |TAMS 0x0000000087600000, 0x0000000087600000| Untracked 
|  91|0x0000000087700000, 0x0000000087800000, 0x0000000087800000|100%| O|  |TAMS 0x0000000087700000, 0x0000000087700000| Untracked 
|  92|0x0000000087800000, 0x0000000087900000, 0x0000000087900000|100%| O|  |TAMS 0x0000000087800000, 0x0000000087800000| Untracked 
|  93|0x0000000087900000, 0x00000000879d4800, 0x0000000087a00000| 83%| O|  |TAMS 0x0000000087900000, 0x0000000087900000| Untracked 
|  94|0x0000000087a00000, 0x0000000087a00000, 0x0000000087b00000|  0%| F|  |TAMS 0x0000000087a00000, 0x0000000087a00000| Untracked 
|  95|0x0000000087b00000, 0x0000000087b00000, 0x0000000087c00000|  0%| F|  |TAMS 0x0000000087b00000, 0x0000000087b00000| Untracked 
|  96|0x0000000087c00000, 0x0000000087c00000, 0x0000000087d00000|  0%| F|  |TAMS 0x0000000087c00000, 0x0000000087c00000| Untracked 
|  97|0x0000000087d00000, 0x0000000087d00000, 0x0000000087e00000|  0%| F|  |TAMS 0x0000000087d00000, 0x0000000087d00000| Untracked 
|  98|0x0000000087e00000, 0x0000000087e00000, 0x0000000087f00000|  0%| F|  |TAMS 0x0000000087e00000, 0x0000000087e00000| Untracked 
|  99|0x0000000087f00000, 0x0000000087f00000, 0x0000000088000000|  0%| F|  |TAMS 0x0000000087f00000, 0x0000000087f00000| Untracked 
| 100|0x0000000088000000, 0x0000000088000000, 0x0000000088100000|  0%| F|  |TAMS 0x0000000088000000, 0x0000000088000000| Untracked 
| 101|0x0000000088100000, 0x0000000088100000, 0x0000000088200000|  0%| F|  |TAMS 0x0000000088100000, 0x0000000088100000| Untracked 
| 102|0x0000000088200000, 0x0000000088200000, 0x0000000088300000|  0%| F|  |TAMS 0x0000000088200000, 0x0000000088200000| Untracked 
| 103|0x0000000088300000, 0x0000000088300000, 0x0000000088400000|  0%| F|  |TAMS 0x0000000088300000, 0x0000000088300000| Untracked 
| 104|0x0000000088400000, 0x0000000088400000, 0x0000000088500000|  0%| F|  |TAMS 0x0000000088400000, 0x0000000088400000| Untracked 
| 105|0x0000000088500000, 0x0000000088500000, 0x0000000088600000|  0%| F|  |TAMS 0x0000000088500000, 0x0000000088500000| Untracked 
| 106|0x0000000088600000, 0x0000000088600000, 0x0000000088700000|  0%| F|  |TAMS 0x0000000088600000, 0x0000000088600000| Untracked 
| 107|0x0000000088700000, 0x0000000088700000, 0x0000000088800000|  0%| F|  |TAMS 0x0000000088700000, 0x0000000088700000| Untracked 
| 108|0x0000000088800000, 0x0000000088800000, 0x0000000088900000|  0%| F|  |TAMS 0x0000000088800000, 0x0000000088800000| Untracked 
| 109|0x0000000088900000, 0x0000000088900000, 0x0000000088a00000|  0%| F|  |TAMS 0x0000000088900000, 0x0000000088900000| Untracked 
| 110|0x0000000088a00000, 0x0000000088a00000, 0x0000000088b00000|  0%| F|  |TAMS 0x0000000088a00000, 0x0000000088a00000| Untracked 
| 111|0x0000000088b00000, 0x0000000088b00000, 0x0000000088c00000|  0%| F|  |TAMS 0x0000000088b00000, 0x0000000088b00000| Untracked 
| 112|0x0000000088c00000, 0x0000000088c00000, 0x0000000088d00000|  0%| F|  |TAMS 0x0000000088c00000, 0x0000000088c00000| Untracked 
| 113|0x0000000088d00000, 0x0000000088d00000, 0x0000000088e00000|  0%| F|  |TAMS 0x0000000088d00000, 0x0000000088d00000| Untracked 
| 114|0x0000000088e00000, 0x0000000088e00000, 0x0000000088f00000|  0%| F|  |TAMS 0x0000000088e00000, 0x0000000088e00000| Untracked 
| 115|0x0000000088f00000, 0x0000000088f00000, 0x0000000089000000|  0%| F|  |TAMS 0x0000000088f00000, 0x0000000088f00000| Untracked 
| 116|0x0000000089000000, 0x0000000089000000, 0x0000000089100000|  0%| F|  |TAMS 0x0000000089000000, 0x0000000089000000| Untracked 
| 117|0x0000000089100000, 0x0000000089100000, 0x0000000089200000|  0%| F|  |TAMS 0x0000000089100000, 0x0000000089100000| Untracked 
| 118|0x0000000089200000, 0x0000000089200000, 0x0000000089300000|  0%| F|  |TAMS 0x0000000089200000, 0x0000000089200000| Untracked 
| 119|0x0000000089300000, 0x0000000089300000, 0x0000000089400000|  0%| F|  |TAMS 0x0000000089300000, 0x0000000089300000| Untracked 
| 120|0x0000000089400000, 0x0000000089400000, 0x0000000089500000|  0%| F|  |TAMS 0x0000000089400000, 0x0000000089400000| Untracked 
| 121|0x0000000089500000, 0x0000000089500000, 0x0000000089600000|  0%| F|  |TAMS 0x0000000089500000, 0x0000000089500000| Untracked 
| 122|0x0000000089600000, 0x0000000089600000, 0x0000000089700000|  0%| F|  |TAMS 0x0000000089600000, 0x0000000089600000| Untracked 
| 123|0x0000000089700000, 0x0000000089700000, 0x0000000089800000|  0%| F|  |TAMS 0x0000000089700000, 0x0000000089700000| Untracked 
| 124|0x0000000089800000, 0x0000000089800000, 0x0000000089900000|  0%| F|  |TAMS 0x0000000089800000, 0x0000000089800000| Untracked 
| 125|0x0000000089900000, 0x0000000089900000, 0x0000000089a00000|  0%| F|  |TAMS 0x0000000089900000, 0x0000000089900000| Untracked 
| 126|0x0000000089a00000, 0x0000000089a00000, 0x0000000089b00000|  0%| F|  |TAMS 0x0000000089a00000, 0x0000000089a00000| Untracked 
| 127|0x0000000089b00000, 0x0000000089b00000, 0x0000000089c00000|  0%| F|  |TAMS 0x0000000089b00000, 0x0000000089b00000| Untracked 
| 128|0x0000000089c00000, 0x0000000089c00000, 0x0000000089d00000|  0%| F|  |TAMS 0x0000000089c00000, 0x0000000089c00000| Untracked 
| 129|0x0000000089d00000, 0x0000000089d00000, 0x0000000089e00000|  0%| F|  |TAMS 0x0000000089d00000, 0x0000000089d00000| Untracked 
| 130|0x0000000089e00000, 0x0000000089e00000, 0x0000000089f00000|  0%| F|  |TAMS 0x0000000089e00000, 0x0000000089e00000| Untracked 
| 131|0x0000000089f00000, 0x0000000089f00000, 0x000000008a000000|  0%| F|  |TAMS 0x0000000089f00000, 0x0000000089f00000| Untracked 
| 132|0x000000008a000000, 0x000000008a000000, 0x000000008a100000|  0%| F|  |TAMS 0x000000008a000000, 0x000000008a000000| Untracked 
| 133|0x000000008a100000, 0x000000008a100000, 0x000000008a200000|  0%| F|  |TAMS 0x000000008a100000, 0x000000008a100000| Untracked 
| 134|0x000000008a200000, 0x000000008a200000, 0x000000008a300000|  0%| F|  |TAMS 0x000000008a200000, 0x000000008a200000| Untracked 
| 135|0x000000008a300000, 0x000000008a300000, 0x000000008a400000|  0%| F|  |TAMS 0x000000008a300000, 0x000000008a300000| Untracked 
| 136|0x000000008a400000, 0x000000008a400000, 0x000000008a500000|  0%| F|  |TAMS 0x000000008a400000, 0x000000008a400000| Untracked 
| 137|0x000000008a500000, 0x000000008a600000, 0x000000008a600000|100%| S|CS|TAMS 0x000000008a500000, 0x000000008a500000| Complete 
| 138|0x000000008a600000, 0x000000008a700000, 0x000000008a700000|100%| S|CS|TAMS 0x000000008a600000, 0x000000008a600000| Complete 
| 139|0x000000008a700000, 0x000000008a800000, 0x000000008a800000|100%| S|CS|TAMS 0x000000008a700000, 0x000000008a700000| Complete 
| 140|0x000000008a800000, 0x000000008a900000, 0x000000008a900000|100%| S|CS|TAMS 0x000000008a800000, 0x000000008a800000| Complete 
| 141|0x000000008a900000, 0x000000008aa00000, 0x000000008aa00000|100%| S|CS|TAMS 0x000000008a900000, 0x000000008a900000| Complete 
| 142|0x000000008aa00000, 0x000000008ab00000, 0x000000008ab00000|100%| S|CS|TAMS 0x000000008aa00000, 0x000000008aa00000| Complete 
| 143|0x000000008ab00000, 0x000000008ac00000, 0x000000008ac00000|100%| S|CS|TAMS 0x000000008ab00000, 0x000000008ab00000| Complete 
| 144|0x000000008ac00000, 0x000000008ad00000, 0x000000008ad00000|100%| S|CS|TAMS 0x000000008ac00000, 0x000000008ac00000| Complete 
| 145|0x000000008ad00000, 0x000000008ae00000, 0x000000008ae00000|100%| S|CS|TAMS 0x000000008ad00000, 0x000000008ad00000| Complete 
| 146|0x000000008ae00000, 0x000000008af00000, 0x000000008af00000|100%| S|CS|TAMS 0x000000008ae00000, 0x000000008ae00000| Complete 
| 147|0x000000008af00000, 0x000000008b000000, 0x000000008b000000|100%| S|CS|TAMS 0x000000008af00000, 0x000000008af00000| Complete 
| 148|0x000000008b000000, 0x000000008b100000, 0x000000008b100000|100%| S|CS|TAMS 0x000000008b000000, 0x000000008b000000| Complete 
| 149|0x000000008b100000, 0x000000008b200000, 0x000000008b200000|100%| S|CS|TAMS 0x000000008b100000, 0x000000008b100000| Complete 
| 150|0x000000008b200000, 0x000000008b300000, 0x000000008b300000|100%| S|CS|TAMS 0x000000008b200000, 0x000000008b200000| Complete 
| 151|0x000000008b300000, 0x000000008b400000, 0x000000008b400000|100%| S|CS|TAMS 0x000000008b300000, 0x000000008b300000| Complete 
| 152|0x000000008b400000, 0x000000008b500000, 0x000000008b500000|100%| S|CS|TAMS 0x000000008b400000, 0x000000008b400000| Complete 
| 153|0x000000008b500000, 0x000000008b500000, 0x000000008b600000|  0%| F|  |TAMS 0x000000008b500000, 0x000000008b500000| Untracked 
| 154|0x000000008b600000, 0x000000008b600000, 0x000000008b700000|  0%| F|  |TAMS 0x000000008b600000, 0x000000008b600000| Untracked 
| 155|0x000000008b700000, 0x000000008b700000, 0x000000008b800000|  0%| F|  |TAMS 0x000000008b700000, 0x000000008b700000| Untracked 
| 156|0x000000008b800000, 0x000000008b800000, 0x000000008b900000|  0%| F|  |TAMS 0x000000008b800000, 0x000000008b800000| Untracked 
| 157|0x000000008b900000, 0x000000008b900000, 0x000000008ba00000|  0%| F|  |TAMS 0x000000008b900000, 0x000000008b900000| Untracked 
| 158|0x000000008ba00000, 0x000000008ba00000, 0x000000008bb00000|  0%| F|  |TAMS 0x000000008ba00000, 0x000000008ba00000| Untracked 
| 159|0x000000008bb00000, 0x000000008bb00000, 0x000000008bc00000|  0%| F|  |TAMS 0x000000008bb00000, 0x000000008bb00000| Untracked 
| 160|0x000000008bc00000, 0x000000008bc00000, 0x000000008bd00000|  0%| F|  |TAMS 0x000000008bc00000, 0x000000008bc00000| Untracked 
| 161|0x000000008bd00000, 0x000000008bd00000, 0x000000008be00000|  0%| F|  |TAMS 0x000000008bd00000, 0x000000008bd00000| Untracked 
| 162|0x000000008be00000, 0x000000008be00000, 0x000000008bf00000|  0%| F|  |TAMS 0x000000008be00000, 0x000000008be00000| Untracked 
| 163|0x000000008bf00000, 0x000000008bf00000, 0x000000008c000000|  0%| F|  |TAMS 0x000000008bf00000, 0x000000008bf00000| Untracked 
| 164|0x000000008c000000, 0x000000008c000000, 0x000000008c100000|  0%| F|  |TAMS 0x000000008c000000, 0x000000008c000000| Untracked 
| 165|0x000000008c100000, 0x000000008c100000, 0x000000008c200000|  0%| F|  |TAMS 0x000000008c100000, 0x000000008c100000| Untracked 
| 166|0x000000008c200000, 0x000000008c200000, 0x000000008c300000|  0%| F|  |TAMS 0x000000008c200000, 0x000000008c200000| Untracked 
| 167|0x000000008c300000, 0x000000008c300000, 0x000000008c400000|  0%| F|  |TAMS 0x000000008c300000, 0x000000008c300000| Untracked 
| 168|0x000000008c400000, 0x000000008c400000, 0x000000008c500000|  0%| F|  |TAMS 0x000000008c400000, 0x000000008c400000| Untracked 
| 169|0x000000008c500000, 0x000000008c500000, 0x000000008c600000|  0%| F|  |TAMS 0x000000008c500000, 0x000000008c500000| Untracked 
| 170|0x000000008c600000, 0x000000008c600000, 0x000000008c700000|  0%| F|  |TAMS 0x000000008c600000, 0x000000008c600000| Untracked 
| 171|0x000000008c700000, 0x000000008c700000, 0x000000008c800000|  0%| F|  |TAMS 0x000000008c700000, 0x000000008c700000| Untracked 
| 172|0x000000008c800000, 0x000000008c800000, 0x000000008c900000|  0%| F|  |TAMS 0x000000008c800000, 0x000000008c800000| Untracked 
| 173|0x000000008c900000, 0x000000008c900000, 0x000000008ca00000|  0%| F|  |TAMS 0x000000008c900000, 0x000000008c900000| Untracked 
| 174|0x000000008ca00000, 0x000000008ca00000, 0x000000008cb00000|  0%| F|  |TAMS 0x000000008ca00000, 0x000000008ca00000| Untracked 
| 175|0x000000008cb00000, 0x000000008cb00000, 0x000000008cc00000|  0%| F|  |TAMS 0x000000008cb00000, 0x000000008cb00000| Untracked 
| 176|0x000000008cc00000, 0x000000008cc00000, 0x000000008cd00000|  0%| F|  |TAMS 0x000000008cc00000, 0x000000008cc00000| Untracked 
| 177|0x000000008cd00000, 0x000000008cd00000, 0x000000008ce00000|  0%| F|  |TAMS 0x000000008cd00000, 0x000000008cd00000| Untracked 
| 178|0x000000008ce00000, 0x000000008ce00000, 0x000000008cf00000|  0%| F|  |TAMS 0x000000008ce00000, 0x000000008ce00000| Untracked 
| 179|0x000000008cf00000, 0x000000008cf00000, 0x000000008d000000|  0%| F|  |TAMS 0x000000008cf00000, 0x000000008cf00000| Untracked 
| 180|0x000000008d000000, 0x000000008d000000, 0x000000008d100000|  0%| F|  |TAMS 0x000000008d000000, 0x000000008d000000| Untracked 
| 181|0x000000008d100000, 0x000000008d100000, 0x000000008d200000|  0%| F|  |TAMS 0x000000008d100000, 0x000000008d100000| Untracked 
| 182|0x000000008d200000, 0x000000008d200000, 0x000000008d300000|  0%| F|  |TAMS 0x000000008d200000, 0x000000008d200000| Untracked 
| 183|0x000000008d300000, 0x000000008d300000, 0x000000008d400000|  0%| F|  |TAMS 0x000000008d300000, 0x000000008d300000| Untracked 
| 184|0x000000008d400000, 0x000000008d400000, 0x000000008d500000|  0%| F|  |TAMS 0x000000008d400000, 0x000000008d400000| Untracked 
| 185|0x000000008d500000, 0x000000008d500000, 0x000000008d600000|  0%| F|  |TAMS 0x000000008d500000, 0x000000008d500000| Untracked 
| 186|0x000000008d600000, 0x000000008d600000, 0x000000008d700000|  0%| F|  |TAMS 0x000000008d600000, 0x000000008d600000| Untracked 
| 187|0x000000008d700000, 0x000000008d700000, 0x000000008d800000|  0%| F|  |TAMS 0x000000008d700000, 0x000000008d700000| Untracked 
| 188|0x000000008d800000, 0x000000008d800000, 0x000000008d900000|  0%| F|  |TAMS 0x000000008d800000, 0x000000008d800000| Untracked 
| 189|0x000000008d900000, 0x000000008d900000, 0x000000008da00000|  0%| F|  |TAMS 0x000000008d900000, 0x000000008d900000| Untracked 
| 190|0x000000008da00000, 0x000000008da00000, 0x000000008db00000|  0%| F|  |TAMS 0x000000008da00000, 0x000000008da00000| Untracked 
| 191|0x000000008db00000, 0x000000008db00000, 0x000000008dc00000|  0%| F|  |TAMS 0x000000008db00000, 0x000000008db00000| Untracked 
| 192|0x000000008dc00000, 0x000000008dc00000, 0x000000008dd00000|  0%| F|  |TAMS 0x000000008dc00000, 0x000000008dc00000| Untracked 
| 193|0x000000008dd00000, 0x000000008dd00000, 0x000000008de00000|  0%| F|  |TAMS 0x000000008dd00000, 0x000000008dd00000| Untracked 
| 194|0x000000008de00000, 0x000000008de00000, 0x000000008df00000|  0%| F|  |TAMS 0x000000008de00000, 0x000000008de00000| Untracked 
| 195|0x000000008df00000, 0x000000008df00000, 0x000000008e000000|  0%| F|  |TAMS 0x000000008df00000, 0x000000008df00000| Untracked 
| 196|0x000000008e000000, 0x000000008e000000, 0x000000008e100000|  0%| F|  |TAMS 0x000000008e000000, 0x000000008e000000| Untracked 
| 197|0x000000008e100000, 0x000000008e100000, 0x000000008e200000|  0%| F|  |TAMS 0x000000008e100000, 0x000000008e100000| Untracked 
| 198|0x000000008e200000, 0x000000008e200000, 0x000000008e300000|  0%| F|  |TAMS 0x000000008e200000, 0x000000008e200000| Untracked 
| 199|0x000000008e300000, 0x000000008e300000, 0x000000008e400000|  0%| F|  |TAMS 0x000000008e300000, 0x000000008e300000| Untracked 
| 200|0x000000008e400000, 0x000000008e400000, 0x000000008e500000|  0%| F|  |TAMS 0x000000008e400000, 0x000000008e400000| Untracked 
| 201|0x000000008e500000, 0x000000008e500000, 0x000000008e600000|  0%| F|  |TAMS 0x000000008e500000, 0x000000008e500000| Untracked 
| 202|0x000000008e600000, 0x000000008e600000, 0x000000008e700000|  0%| F|  |TAMS 0x000000008e600000, 0x000000008e600000| Untracked 
| 203|0x000000008e700000, 0x000000008e700000, 0x000000008e800000|  0%| F|  |TAMS 0x000000008e700000, 0x000000008e700000| Untracked 
| 204|0x000000008e800000, 0x000000008e800000, 0x000000008e900000|  0%| F|  |TAMS 0x000000008e800000, 0x000000008e800000| Untracked 
| 205|0x000000008e900000, 0x000000008e900000, 0x000000008ea00000|  0%| F|  |TAMS 0x000000008e900000, 0x000000008e900000| Untracked 
| 206|0x000000008ea00000, 0x000000008ea00000, 0x000000008eb00000|  0%| F|  |TAMS 0x000000008ea00000, 0x000000008ea00000| Untracked 
| 207|0x000000008eb00000, 0x000000008eb00000, 0x000000008ec00000|  0%| F|  |TAMS 0x000000008eb00000, 0x000000008eb00000| Untracked 
| 208|0x000000008ec00000, 0x000000008ec00000, 0x000000008ed00000|  0%| F|  |TAMS 0x000000008ec00000, 0x000000008ec00000| Untracked 
| 209|0x000000008ed00000, 0x000000008ed00000, 0x000000008ee00000|  0%| F|  |TAMS 0x000000008ed00000, 0x000000008ed00000| Untracked 
| 210|0x000000008ee00000, 0x000000008ee00000, 0x000000008ef00000|  0%| F|  |TAMS 0x000000008ee00000, 0x000000008ee00000| Untracked 
| 211|0x000000008ef00000, 0x000000008ef00000, 0x000000008f000000|  0%| F|  |TAMS 0x000000008ef00000, 0x000000008ef00000| Untracked 
| 212|0x000000008f000000, 0x000000008f000000, 0x000000008f100000|  0%| F|  |TAMS 0x000000008f000000, 0x000000008f000000| Untracked 
| 213|0x000000008f100000, 0x000000008f100000, 0x000000008f200000|  0%| F|  |TAMS 0x000000008f100000, 0x000000008f100000| Untracked 
| 214|0x000000008f200000, 0x000000008f200000, 0x000000008f300000|  0%| F|  |TAMS 0x000000008f200000, 0x000000008f200000| Untracked 
| 215|0x000000008f300000, 0x000000008f300000, 0x000000008f400000|  0%| F|  |TAMS 0x000000008f300000, 0x000000008f300000| Untracked 
| 216|0x000000008f400000, 0x000000008f400000, 0x000000008f500000|  0%| F|  |TAMS 0x000000008f400000, 0x000000008f400000| Untracked 
| 217|0x000000008f500000, 0x000000008f500000, 0x000000008f600000|  0%| F|  |TAMS 0x000000008f500000, 0x000000008f500000| Untracked 
| 218|0x000000008f600000, 0x000000008f600000, 0x000000008f700000|  0%| F|  |TAMS 0x000000008f600000, 0x000000008f600000| Untracked 
| 219|0x000000008f700000, 0x000000008f700000, 0x000000008f800000|  0%| F|  |TAMS 0x000000008f700000, 0x000000008f700000| Untracked 
| 220|0x000000008f800000, 0x000000008f800000, 0x000000008f900000|  0%| F|  |TAMS 0x000000008f800000, 0x000000008f800000| Untracked 
| 221|0x000000008f900000, 0x000000008f900000, 0x000000008fa00000|  0%| F|  |TAMS 0x000000008f900000, 0x000000008f900000| Untracked 
| 222|0x000000008fa00000, 0x000000008fa00000, 0x000000008fb00000|  0%| F|  |TAMS 0x000000008fa00000, 0x000000008fa00000| Untracked 
| 223|0x000000008fb00000, 0x000000008fb00000, 0x000000008fc00000|  0%| F|  |TAMS 0x000000008fb00000, 0x000000008fb00000| Untracked 
| 224|0x000000008fc00000, 0x000000008fc00000, 0x000000008fd00000|  0%| F|  |TAMS 0x000000008fc00000, 0x000000008fc00000| Untracked 
| 225|0x000000008fd00000, 0x000000008fd00000, 0x000000008fe00000|  0%| F|  |TAMS 0x000000008fd00000, 0x000000008fd00000| Untracked 
| 226|0x000000008fe00000, 0x000000008fe00000, 0x000000008ff00000|  0%| F|  |TAMS 0x000000008fe00000, 0x000000008fe00000| Untracked 
| 227|0x000000008ff00000, 0x000000008ff00000, 0x0000000090000000|  0%| F|  |TAMS 0x000000008ff00000, 0x000000008ff00000| Untracked 
| 228|0x0000000090000000, 0x0000000090000000, 0x0000000090100000|  0%| F|  |TAMS 0x0000000090000000, 0x0000000090000000| Untracked 
| 229|0x0000000090100000, 0x0000000090100000, 0x0000000090200000|  0%| F|  |TAMS 0x0000000090100000, 0x0000000090100000| Untracked 
| 230|0x0000000090200000, 0x0000000090200000, 0x0000000090300000|  0%| F|  |TAMS 0x0000000090200000, 0x0000000090200000| Untracked 
| 231|0x0000000090300000, 0x0000000090300000, 0x0000000090400000|  0%| F|  |TAMS 0x0000000090300000, 0x0000000090300000| Untracked 
| 232|0x0000000090400000, 0x0000000090400000, 0x0000000090500000|  0%| F|  |TAMS 0x0000000090400000, 0x0000000090400000| Untracked 
| 233|0x0000000090500000, 0x0000000090500000, 0x0000000090600000|  0%| F|  |TAMS 0x0000000090500000, 0x0000000090500000| Untracked 
| 234|0x0000000090600000, 0x0000000090600000, 0x0000000090700000|  0%| F|  |TAMS 0x0000000090600000, 0x0000000090600000| Untracked 
| 235|0x0000000090700000, 0x0000000090700000, 0x0000000090800000|  0%| F|  |TAMS 0x0000000090700000, 0x0000000090700000| Untracked 
| 236|0x0000000090800000, 0x0000000090800000, 0x0000000090900000|  0%| F|  |TAMS 0x0000000090800000, 0x0000000090800000| Untracked 
| 237|0x0000000090900000, 0x0000000090900000, 0x0000000090a00000|  0%| F|  |TAMS 0x0000000090900000, 0x0000000090900000| Untracked 
| 238|0x0000000090a00000, 0x0000000090a00000, 0x0000000090b00000|  0%| F|  |TAMS 0x0000000090a00000, 0x0000000090a00000| Untracked 
| 239|0x0000000090b00000, 0x0000000090b00000, 0x0000000090c00000|  0%| F|  |TAMS 0x0000000090b00000, 0x0000000090b00000| Untracked 
| 240|0x0000000090c00000, 0x0000000090c00000, 0x0000000090d00000|  0%| F|  |TAMS 0x0000000090c00000, 0x0000000090c00000| Untracked 
| 241|0x0000000090d00000, 0x0000000090d00000, 0x0000000090e00000|  0%| F|  |TAMS 0x0000000090d00000, 0x0000000090d00000| Untracked 
| 242|0x0000000090e00000, 0x0000000090e00000, 0x0000000090f00000|  0%| F|  |TAMS 0x0000000090e00000, 0x0000000090e00000| Untracked 
| 243|0x0000000090f00000, 0x0000000090f00000, 0x0000000091000000|  0%| F|  |TAMS 0x0000000090f00000, 0x0000000090f00000| Untracked 
| 244|0x0000000091000000, 0x0000000091000000, 0x0000000091100000|  0%| F|  |TAMS 0x0000000091000000, 0x0000000091000000| Untracked 
| 245|0x0000000091100000, 0x0000000091100000, 0x0000000091200000|  0%| F|  |TAMS 0x0000000091100000, 0x0000000091100000| Untracked 
| 246|0x0000000091200000, 0x0000000091200000, 0x0000000091300000|  0%| F|  |TAMS 0x0000000091200000, 0x0000000091200000| Untracked 
| 247|0x0000000091300000, 0x0000000091300000, 0x0000000091400000|  0%| F|  |TAMS 0x0000000091300000, 0x0000000091300000| Untracked 
| 248|0x0000000091400000, 0x0000000091400000, 0x0000000091500000|  0%| F|  |TAMS 0x0000000091400000, 0x0000000091400000| Untracked 
| 249|0x0000000091500000, 0x0000000091500000, 0x0000000091600000|  0%| F|  |TAMS 0x0000000091500000, 0x0000000091500000| Untracked 
| 250|0x0000000091600000, 0x0000000091600000, 0x0000000091700000|  0%| F|  |TAMS 0x0000000091600000, 0x0000000091600000| Untracked 
| 251|0x0000000091700000, 0x0000000091700000, 0x0000000091800000|  0%| F|  |TAMS 0x0000000091700000, 0x0000000091700000| Untracked 
| 252|0x0000000091800000, 0x0000000091800000, 0x0000000091900000|  0%| F|  |TAMS 0x0000000091800000, 0x0000000091800000| Untracked 
| 253|0x0000000091900000, 0x0000000091900000, 0x0000000091a00000|  0%| F|  |TAMS 0x0000000091900000, 0x0000000091900000| Untracked 
| 254|0x0000000091a00000, 0x0000000091a00000, 0x0000000091b00000|  0%| F|  |TAMS 0x0000000091a00000, 0x0000000091a00000| Untracked 
| 255|0x0000000091b00000, 0x0000000091b00000, 0x0000000091c00000|  0%| F|  |TAMS 0x0000000091b00000, 0x0000000091b00000| Untracked 
| 256|0x0000000091c00000, 0x0000000091c00000, 0x0000000091d00000|  0%| F|  |TAMS 0x0000000091c00000, 0x0000000091c00000| Untracked 
| 257|0x0000000091d00000, 0x0000000091d00000, 0x0000000091e00000|  0%| F|  |TAMS 0x0000000091d00000, 0x0000000091d00000| Untracked 
| 258|0x0000000091e00000, 0x0000000091e00000, 0x0000000091f00000|  0%| F|  |TAMS 0x0000000091e00000, 0x0000000091e00000| Untracked 
| 259|0x0000000091f00000, 0x0000000091f00000, 0x0000000092000000|  0%| F|  |TAMS 0x0000000091f00000, 0x0000000091f00000| Untracked 
| 260|0x0000000092000000, 0x0000000092000000, 0x0000000092100000|  0%| F|  |TAMS 0x0000000092000000, 0x0000000092000000| Untracked 
| 261|0x0000000092100000, 0x0000000092100000, 0x0000000092200000|  0%| F|  |TAMS 0x0000000092100000, 0x0000000092100000| Untracked 
| 262|0x0000000092200000, 0x0000000092200000, 0x0000000092300000|  0%| F|  |TAMS 0x0000000092200000, 0x0000000092200000| Untracked 
| 263|0x0000000092300000, 0x0000000092300000, 0x0000000092400000|  0%| F|  |TAMS 0x0000000092300000, 0x0000000092300000| Untracked 

Card table byte_map: [0x000001eba8830000,0x000001eba8c30000] _byte_map_base: 0x000001eba8422000

Marking Bits (Prev, Next): (CMBitMap*) 0x000001eb9dbcdf40, (CMBitMap*) 0x000001eb9dbcdf00
 Prev Bits: [0x000001ebaafc0000, 0x000001ebacf50000)
 Next Bits: [0x000001eba9030000, 0x000001ebaafc0000)

Polling page: 0x000001eb9bb20000

Metaspace:

Usage:
  Non-class:     62.35 MB used.
      Class:     10.62 MB used.
       Both:     72.97 MB used.

Virtual space:
  Non-class space:       64.00 MB reserved,      62.69 MB ( 98%) committed,  1 nodes.
      Class space:        1.00 GB reserved,      10.94 MB (  1%) committed,  1 nodes.
             Both:        1.06 GB reserved,      73.62 MB (  7%) committed. 

Chunk freelists:
   Non-Class:  1.14 MB
       Class:  4.88 MB
        Both:  6.03 MB

MaxMetaspaceSize: unlimited
CompressedClassSpaceSize: 1.00 GB
Initial GC threshold: 21.00 MB
Current GC threshold: 117.12 MB
CDS: on
MetaspaceReclaimPolicy: balanced
 - commit_granule_bytes: 65536.
 - commit_granule_words: 8192.
 - virtual_space_node_default_size: 8388608.
 - enlarge_chunks_in_place: 1.
 - new_chunks_are_fully_committed: 0.
 - uncommit_free_chunks: 1.
 - use_allocation_guard: 0.
 - handle_deallocations: 1.


Internal statistics:

num_allocs_failed_limit: 9.
num_arena_births: 1022.
num_arena_deaths: 0.
num_vsnodes_births: 2.
num_vsnodes_deaths: 0.
num_space_committed: 1178.
num_space_uncommitted: 0.
num_chunks_returned_to_freelist: 9.
num_chunks_taken_from_freelist: 3778.
num_chunk_merges: 9.
num_chunk_splits: 2689.
num_chunks_enlarged: 2037.
num_inconsistent_stats: 0.

CodeCache: size=49152Kb used=16054Kb max_used=16054Kb free=33097Kb
 bounds [0x000001eba5430000, 0x000001eba63e0000, 0x000001eba8430000]
 total_blobs=9650 nmethods=8942 adapters=631
 compilation: enabled
              stopped_count=0, restarted_count=0
 full_count=0

Compilation events (20 events):
Event: 12.417 Thread 0x000001ebaf1a7d20 8933       1       org.springframework.core.io.support.PathMatchingResourcePatternResolver$$Lambda$479/0x000001ebb1296a48::accept (14 bytes)
Event: 12.417 Thread 0x000001ebaf1a7d20 nmethod 8933 0x000001eba63da690 code [0x000001eba63da820, 0x000001eba63da948]
Event: 12.419 Thread 0x000001ebaf3e5a50 8934       1       org.springframework.core.io.FileSystemResource::getFilename (32 bytes)
Event: 12.419 Thread 0x000001ebaf3e5a50 nmethod 8934 0x000001eba63daa10 code [0x000001eba63dabc0, 0x000001eba63dad78]
Event: 12.420 Thread 0x000001ebaf1d5cc0 8935       1       org.springframework.context.annotation.ClassPathScanningCandidateComponentProvider::isCandidateComponent (102 bytes)
Event: 12.420 Thread 0x000001ebaf1d5cc0 nmethod 8935 0x000001eba63daf10 code [0x000001eba63db180, 0x000001eba63db948]
Event: 12.420 Thread 0x000001ebaf1a7d20 8936       1       org.springframework.core.type.AnnotationMetadata::hasMetaAnnotation (23 bytes)
Event: 12.421 Thread 0x000001ebaf1a7d20 nmethod 8936 0x000001eba63dbc10 code [0x000001eba63dbdc0, 0x000001eba63dbf08]
Event: 12.434 Thread 0x000001ebaf1d5cc0 8937       1       org.springframework.beans.factory.support.DefaultListableBeanFactory::findAnnotationOnBean (8 bytes)
Event: 12.434 Thread 0x000001ebaf1d5cc0 nmethod 8937 0x000001eba63dc010 code [0x000001eba63dc1a0, 0x000001eba63dc288]
Event: 12.443 Thread 0x000001ebaf3e5a50 8938       1       org.springframework.boot.context.properties.bind.Bindable::getValue (5 bytes)
Event: 12.443 Thread 0x000001ebaf3e5a50 nmethod 8938 0x000001eba63dc310 code [0x000001eba63dc4a0, 0x000001eba63dc578]
Event: 12.444 Thread 0x000001ebaf1d5cc0 8939       1       org.springframework.core.SerializableTypeWrapper$MethodParameterTypeProvider::<init> (59 bytes)
Event: 12.444 Thread 0x000001ebaf1d5cc0 nmethod 8939 0x000001eba63dc610 code [0x000001eba63dc7e0, 0x000001eba63dcaf8]
Event: 12.444 Thread 0x000001ebaf1d5cc0 8940       1       org.springframework.boot.context.properties.source.ConfigurationPropertyName$$Lambda$377/0x000001ebb11a7378::test (6 bytes)
Event: 12.444 Thread 0x000001ebaf1d5cc0 nmethod 8940 0x000001eba63dcc10 code [0x000001eba63dcdc0, 0x000001eba63dcf98]
Event: 12.445 Thread 0x000001ebaf1a7d20 8941       1       org.springframework.boot.context.properties.source.ConfigurationPropertyName::lambda$convertToOriginalForm$0 (23 bytes)
Event: 12.445 Thread 0x000001ebaf1a7d20 nmethod 8941 0x000001eba63dd090 code [0x000001eba63dd240, 0x000001eba63dd3f8]
Event: 12.446 Thread 0x000001ebaf1d5cc0 8942       1       org.springframework.boot.context.properties.source.ConfigurationPropertyName$$Lambda$376/0x000001ebb11a7160::test (6 bytes)
Event: 12.446 Thread 0x000001ebaf1d5cc0 nmethod 8942 0x000001eba63dd510 code [0x000001eba63dd6a0, 0x000001eba63dd7f8]

GC Heap History (20 events):
Event: 9.421 GC heap after
{Heap after GC invocations=24 (full 0):
 garbage-first heap   total 121856K, used 52806K [0x0000000081c00000, 0x0000000100000000)
  region size 1024K, 4 young (4096K), 4 survivors (4096K)
 Metaspace       used 71277K, committed 71936K, reserved 1114112K
  class space    used 10424K, committed 10752K, reserved 1048576K
}
Event: 9.522 GC heap before
{Heap before GC invocations=24 (full 0):
 garbage-first heap   total 135168K, used 87622K [0x0000000081c00000, 0x0000000100000000)
  region size 1024K, 38 young (38912K), 4 survivors (4096K)
 Metaspace       used 71277K, committed 71936K, reserved 1114112K
  class space    used 10424K, committed 10752K, reserved 1048576K
}
Event: 9.535 GC heap after
{Heap after GC invocations=25 (full 0):
 garbage-first heap   total 135168K, used 65488K [0x0000000081c00000, 0x0000000100000000)
  region size 1024K, 5 young (5120K), 5 survivors (5120K)
 Metaspace       used 71277K, committed 71936K, reserved 1114112K
  class space    used 10424K, committed 10752K, reserved 1048576K
}
Event: 9.617 GC heap before
{Heap before GC invocations=26 (full 0):
 garbage-first heap   total 135168K, used 97232K [0x0000000081c00000, 0x0000000100000000)
  region size 1024K, 36 young (36864K), 5 survivors (5120K)
 Metaspace       used 71277K, committed 71936K, reserved 1114112K
  class space    used 10424K, committed 10752K, reserved 1048576K
}
Event: 9.632 GC heap after
{Heap after GC invocations=27 (full 0):
 garbage-first heap   total 135168K, used 77117K [0x0000000081c00000, 0x0000000100000000)
  region size 1024K, 5 young (5120K), 5 survivors (5120K)
 Metaspace       used 71277K, committed 71936K, reserved 1114112K
  class space    used 10424K, committed 10752K, reserved 1048576K
}
Event: 9.705 GC heap before
{Heap before GC invocations=27 (full 0):
 garbage-first heap   total 135168K, used 100669K [0x0000000081c00000, 0x0000000100000000)
  region size 1024K, 28 young (28672K), 5 survivors (5120K)
 Metaspace       used 71348K, committed 72064K, reserved 1114112K
  class space    used 10464K, committed 10816K, reserved 1048576K
}
Event: 9.713 GC heap after
{Heap after GC invocations=28 (full 0):
 garbage-first heap   total 135168K, used 80485K [0x0000000081c00000, 0x0000000100000000)
  region size 1024K, 3 young (3072K), 3 survivors (3072K)
 Metaspace       used 71348K, committed 72064K, reserved 1114112K
  class space    used 10464K, committed 10816K, reserved 1048576K
}
Event: 9.777 GC heap before
{Heap before GC invocations=28 (full 0):
 garbage-first heap   total 135168K, used 103013K [0x0000000081c00000, 0x0000000100000000)
  region size 1024K, 25 young (25600K), 3 survivors (3072K)
 Metaspace       used 71352K, committed 72064K, reserved 1114112K
  class space    used 10465K, committed 10816K, reserved 1048576K
}
Event: 9.782 GC heap after
{Heap after GC invocations=29 (full 0):
 garbage-first heap   total 135168K, used 83317K [0x0000000081c00000, 0x0000000100000000)
  region size 1024K, 4 young (4096K), 4 survivors (4096K)
 Metaspace       used 71352K, committed 72064K, reserved 1114112K
  class space    used 10465K, committed 10816K, reserved 1048576K
}
Event: 9.896 GC heap before
{Heap before GC invocations=30 (full 0):
 garbage-first heap   total 135168K, used 97653K [0x0000000081c00000, 0x0000000100000000)
  region size 1024K, 26 young (26624K), 4 survivors (4096K)
 Metaspace       used 71468K, committed 72192K, reserved 1114112K
  class space    used 10483K, committed 10816K, reserved 1048576K
}
Event: 9.901 GC heap after
{Heap after GC invocations=31 (full 0):
 garbage-first heap   total 135168K, used 78846K [0x0000000081c00000, 0x0000000100000000)
  region size 1024K, 4 young (4096K), 4 survivors (4096K)
 Metaspace       used 71468K, committed 72192K, reserved 1114112K
  class space    used 10483K, committed 10816K, reserved 1048576K
}
Event: 9.911 GC heap before
{Heap before GC invocations=31 (full 0):
 garbage-first heap   total 135168K, used 80894K [0x0000000081c00000, 0x0000000100000000)
  region size 1024K, 6 young (6144K), 4 survivors (4096K)
 Metaspace       used 71468K, committed 72192K, reserved 1114112K
  class space    used 10483K, committed 10816K, reserved 1048576K
}
Event: 9.917 GC heap after
{Heap after GC invocations=32 (full 0):
 garbage-first heap   total 270336K, used 65550K [0x0000000081c00000, 0x0000000100000000)
  region size 1024K, 1 young (1024K), 1 survivors (1024K)
 Metaspace       used 71468K, committed 72192K, reserved 1114112K
  class space    used 10483K, committed 10816K, reserved 1048576K
}
Event: 9.963 GC heap before
{Heap before GC invocations=32 (full 0):
 garbage-first heap   total 270336K, used 77838K [0x0000000081c00000, 0x0000000100000000)
  region size 1024K, 13 young (13312K), 1 survivors (1024K)
 Metaspace       used 71468K, committed 72192K, reserved 1114112K
  class space    used 10483K, committed 10816K, reserved 1048576K
}
Event: 9.967 GC heap after
{Heap after GC invocations=33 (full 0):
 garbage-first heap   total 270336K, used 67662K [0x0000000081c00000, 0x0000000100000000)
  region size 1024K, 2 young (2048K), 2 survivors (2048K)
 Metaspace       used 71468K, committed 72192K, reserved 1114112K
  class space    used 10483K, committed 10816K, reserved 1048576K
}
Event: 10.330 GC heap before
{Heap before GC invocations=33 (full 0):
 garbage-first heap   total 270336K, used 179278K [0x0000000081c00000, 0x0000000100000000)
  region size 1024K, 111 young (113664K), 2 survivors (2048K)
 Metaspace       used 71480K, committed 72192K, reserved 1114112K
  class space    used 10484K, committed 10816K, reserved 1048576K
}
Event: 10.338 GC heap after
{Heap after GC invocations=34 (full 0):
 garbage-first heap   total 270336K, used 72265K [0x0000000081c00000, 0x0000000100000000)
  region size 1024K, 7 young (7168K), 7 survivors (7168K)
 Metaspace       used 71480K, committed 72192K, reserved 1114112K
  class space    used 10484K, committed 10816K, reserved 1048576K
}
Event: 10.687 GC heap before
{Heap before GC invocations=34 (full 0):
 garbage-first heap   total 270336K, used 203337K [0x0000000081c00000, 0x0000000100000000)
  region size 1024K, 134 young (137216K), 7 survivors (7168K)
 Metaspace       used 71481K, committed 72192K, reserved 1114112K
  class space    used 10484K, committed 10816K, reserved 1048576K
}
Event: 10.706 GC heap after
{Heap after GC invocations=35 (full 0):
 garbage-first heap   total 270336K, used 91492K [0x0000000081c00000, 0x0000000100000000)
  region size 1024K, 17 young (17408K), 17 survivors (17408K)
 Metaspace       used 71481K, committed 72192K, reserved 1114112K
  class space    used 10484K, committed 10816K, reserved 1048576K
}
Event: 12.446 GC heap before
{Heap before GC invocations=35 (full 0):
 garbage-first heap   total 270336K, used 207204K [0x0000000081c00000, 0x0000000100000000)
  region size 1024K, 128 young (131072K), 17 survivors (17408K)
 Metaspace       used 74719K, committed 75392K, reserved 1114112K
  class space    used 10877K, committed 11200K, reserved 1048576K
}

Deoptimization events (0 events):
No events

Classes unloaded (0 events):
No events

Classes redefined (0 events):
No events

Internal exceptions (20 events):
Event: 9.096 Thread 0x000001eb9db73f90 Exception <a 'java/lang/NoSuchMethodError'{0x0000000085872240}: 'java.lang.Object java.lang.invoke.DirectMethodHandle$Holder.invokeStatic(java.lang.Object, int, java.lang.Object)'> (0x0000000085872240) 
thrown [s\open\src\hotspot\share\interpreter\linkResolver.cpp, line 759]
Event: 9.099 Thread 0x000001eb9db73f90 Exception <a 'java/lang/reflect/InvocationTargetException'{0x00000000858a74f0}> (0x00000000858a74f0) 
thrown [s\open\src\hotspot\share\runtime\reflection.cpp, line 1121]
Event: 9.155 Thread 0x000001eb9db73f90 Exception <a 'java/lang/reflect/InvocationTargetException'{0x00000000884c74d0}> (0x00000000884c74d0) 
thrown [s\open\src\hotspot\share\runtime\reflection.cpp, line 1121]
Event: 9.157 Thread 0x000001eb9db73f90 Exception <a 'java/lang/reflect/InvocationTargetException'{0x00000000884ece70}> (0x00000000884ece70) 
thrown [s\open\src\hotspot\share\runtime\reflection.cpp, line 1121]
Event: 9.666 Thread 0x000001eb9db73f90 Exception <a 'java/lang/reflect/InvocationTargetException'{0x0000000089ae8c28}> (0x0000000089ae8c28) 
thrown [s\open\src\hotspot\share\runtime\reflection.cpp, line 1121]
Event: 9.669 Thread 0x000001eb9db73f90 Exception <a 'java/lang/reflect/InvocationTargetException'{0x0000000089904c50}> (0x0000000089904c50) 
thrown [s\open\src\hotspot\share\runtime\reflection.cpp, line 1121]
Event: 9.747 Thread 0x000001eb9db73f90 Exception <a 'java/lang/reflect/InvocationTargetException'{0x00000000893bf658}> (0x00000000893bf658) 
thrown [s\open\src\hotspot\share\runtime\reflection.cpp, line 1121]
Event: 9.749 Thread 0x000001eb9db73f90 Exception <a 'java/lang/reflect/InvocationTargetException'{0x00000000893db598}> (0x00000000893db598) 
thrown [s\open\src\hotspot\share\runtime\reflection.cpp, line 1121]
Event: 9.752 Thread 0x000001eb9db73f90 Exception <a 'java/lang/reflect/InvocationTargetException'{0x00000000893f6bc8}> (0x00000000893f6bc8) 
thrown [s\open\src\hotspot\share\runtime\reflection.cpp, line 1121]
Event: 9.793 Thread 0x000001eb9db73f90 Exception <a 'java/lang/reflect/InvocationTargetException'{0x0000000089d94008}> (0x0000000089d94008) 
thrown [s\open\src\hotspot\share\runtime\reflection.cpp, line 1121]
Event: 9.796 Thread 0x000001eb9db73f90 Exception <a 'java/lang/reflect/InvocationTargetException'{0x0000000089daf428}> (0x0000000089daf428) 
thrown [s\open\src\hotspot\share\runtime\reflection.cpp, line 1121]
Event: 9.805 Thread 0x000001eb9db73f90 Exception <a 'java/lang/reflect/InvocationTargetException'{0x0000000089dc9510}> (0x0000000089dc9510) 
thrown [s\open\src\hotspot\share\runtime\reflection.cpp, line 1121]
Event: 9.807 Thread 0x000001eb9db73f90 Exception <a 'java/lang/reflect/InvocationTargetException'{0x0000000089dd3e08}> (0x0000000089dd3e08) 
thrown [s\open\src\hotspot\share\runtime\reflection.cpp, line 1121]
Event: 9.808 Thread 0x000001eb9db73f90 Exception <a 'java/lang/reflect/InvocationTargetException'{0x0000000089de12c0}> (0x0000000089de12c0) 
thrown [s\open\src\hotspot\share\runtime\reflection.cpp, line 1121]
Event: 11.478 Thread 0x000001eb9db73f90 Exception <a 'java/lang/NoSuchMethodError'{0x000000008e478bf0}: 'int java.lang.invoke.DirectMethodHandle$Holder.invokeStaticInit(java.lang.Object, int, java.lang.Object, java.lang.Object, java.lang.Object, java.lang.Object)'> (0x000000008e478bf0) 
thrown [s\open\src\hotspot\share\interpreter\linkResolver.cpp, line 759]
Event: 11.946 Thread 0x000001eb9db73f90 Exception <a 'java/lang/NoSuchMethodError'{0x000000008c893bb8}: 'java.lang.Object java.lang.invoke.DirectMethodHandle$Holder.invokeInterface(java.lang.Object, java.lang.Object, java.lang.Object, java.lang.Object)'> (0x000000008c893bb8) 
thrown [s\open\src\hotspot\share\interpreter\linkResolver.cpp, line 759]
Event: 12.125 Thread 0x000001ebafcdacf0 Exception <a 'sun/net/ConnectionResetException'{0x000000008c181110}: Connection reset> (0x000000008c181110) 
thrown [s\open\src\hotspot\share\prims\jni.cpp, line 535]
Event: 12.221 Thread 0x000001ebaf7aca00 Exception <a 'sun/net/ConnectionResetException'{0x000000008bd00038}: Connection reset> (0x000000008bd00038) 
thrown [s\open\src\hotspot\share\prims\jni.cpp, line 535]
Event: 12.343 Thread 0x000001ebafb8ad90 Exception <a 'sun/net/ConnectionResetException'{0x000000008ca8bab0}: Connection reset> (0x000000008ca8bab0) 
thrown [s\open\src\hotspot\share\prims\jni.cpp, line 535]
Event: 12.400 Thread 0x000001eb9db73f90 Exception <a 'sun/nio/fs/WindowsException'{0x000000008b67a5f8}> (0x000000008b67a5f8) 
thrown [s\open\src\hotspot\share\prims\jni.cpp, line 516]

VM Operations (20 events):
Event: 9.902 Executing VM operation: G1CollectForAllocation done
Event: 9.911 Executing VM operation: G1CollectForAllocation
Event: 9.917 Executing VM operation: G1CollectForAllocation done
Event: 9.963 Executing VM operation: G1CollectForAllocation
Event: 9.967 Executing VM operation: G1CollectForAllocation done
Event: 10.330 Executing VM operation: G1CollectForAllocation
Event: 10.338 Executing VM operation: G1CollectForAllocation done
Event: 10.687 Executing VM operation: G1CollectForAllocation
Event: 10.706 Executing VM operation: G1CollectForAllocation done
Event: 11.707 Executing VM operation: Cleanup
Event: 11.708 Executing VM operation: Cleanup done
Event: 12.085 Executing VM operation: HandshakeAllThreads
Event: 12.085 Executing VM operation: HandshakeAllThreads done
Event: 12.179 Executing VM operation: HandshakeAllThreads
Event: 12.179 Executing VM operation: HandshakeAllThreads done
Event: 12.220 Executing VM operation: HandshakeAllThreads
Event: 12.220 Executing VM operation: HandshakeAllThreads done
Event: 12.222 Executing VM operation: HandshakeAllThreads
Event: 12.222 Executing VM operation: HandshakeAllThreads done
Event: 12.446 Executing VM operation: G1CollectForAllocation

Events (20 events):
Event: 11.381 Thread 0x000001ebafbe1270 Thread added: 0x000001ebafbe1270
Event: 11.399 Thread 0x000001ebafbe1270 Thread exited: 0x000001ebafbe1270
Event: 11.461 Thread 0x000001ebafb8c1d0 Thread exited: 0x000001ebafb8c1d0
Event: 11.500 loading class sun/reflect/ReflectionFactory
Event: 11.500 loading class sun/reflect/ReflectionFactory done
Event: 11.501 loading class sun/reflect/ReflectionFactory$1
Event: 11.501 loading class sun/reflect/ReflectionFactory$1 done
Event: 11.501 loading class java/io/OptionalDataException
Event: 11.501 loading class java/io/OptionalDataException done
Event: 11.899 Thread 0x000001ebafb8c1d0 Thread added: 0x000001ebafb8c1d0
Event: 11.923 Thread 0x000001ebafb8c1d0 Thread exited: 0x000001ebafb8c1d0
Event: 12.017 loading class java/util/Collections$SynchronizedRandomAccessList
Event: 12.017 loading class java/util/Collections$SynchronizedList
Event: 12.017 loading class java/util/Collections$SynchronizedList done
Event: 12.017 loading class java/util/Collections$SynchronizedRandomAccessList done
Event: 12.125 loading class sun/net/ConnectionResetException
Event: 12.125 loading class sun/net/ConnectionResetException done
Event: 12.136 loading class java/util/Comparators$NullComparator
Event: 12.136 loading class java/util/Comparators$NullComparator done
Event: 12.221 Thread 0x000001ebaf7aca00 Thread exited: 0x000001ebaf7aca00


Dynamic libraries:
0x00007ff77e930000 - 0x00007ff77e940000 	D:\Download\JAVA\APP\jdk17\bin\java.exe
0x00007ff88d2f0000 - 0x00007ff88d4e8000 	C:\Windows\SYSTEM32\ntdll.dll
0x00007ff88ca60000 - 0x00007ff88cb1f000 	C:\Windows\System32\KERNEL32.DLL
0x00007ff88abc0000 - 0x00007ff88aeb6000 	C:\Windows\System32\KERNELBASE.dll
0x00007ff88af70000 - 0x00007ff88b070000 	C:\Windows\System32\ucrtbase.dll
0x00007ff8820a0000 - 0x00007ff8820bb000 	D:\Download\JAVA\APP\jdk17\bin\VCRUNTIME140.dll
0x00007ff882080000 - 0x00007ff882099000 	D:\Download\JAVA\APP\jdk17\bin\jli.dll
0x00007ff88ce60000 - 0x00007ff88cf0f000 	C:\Windows\System32\ADVAPI32.dll
0x00007ff88cfd0000 - 0x00007ff88d06e000 	C:\Windows\System32\msvcrt.dll
0x00007ff88bc00000 - 0x00007ff88bc9c000 	C:\Windows\System32\sechost.dll
0x00007ff88d070000 - 0x00007ff88d196000 	C:\Windows\System32\RPCRT4.dll
0x00007ff88b380000 - 0x00007ff88b51d000 	C:\Windows\System32\USER32.dll
0x00007ff88ab90000 - 0x00007ff88abb2000 	C:\Windows\System32\win32u.dll
0x00007ff88b5a0000 - 0x00007ff88b5cc000 	C:\Windows\System32\GDI32.dll
0x00007ff88a9d0000 - 0x00007ff88aae5000 	C:\Windows\System32\gdi32full.dll
0x00007ff87d060000 - 0x00007ff87d2fa000 	C:\Windows\WinSxS\amd64_microsoft.windows.common-controls_6595b64144ccf1df_6.0.19041.1110_none_60b5254171f9507e\COMCTL32.dll
0x00007ff88b150000 - 0x00007ff88b1ed000 	C:\Windows\System32\msvcp_win.dll
0x00007ff881220000 - 0x00007ff88122a000 	C:\Windows\SYSTEM32\VERSION.dll
0x00007ff88b350000 - 0x00007ff88b380000 	C:\Windows\System32\IMM32.DLL
0x00007ff882070000 - 0x00007ff88207c000 	D:\Download\JAVA\APP\jdk17\bin\vcruntime140_1.dll
0x00007ff853250000 - 0x00007ff8532de000 	D:\Download\JAVA\APP\jdk17\bin\msvcp140.dll
0x00007ff812dc0000 - 0x00007ff8139a0000 	D:\Download\JAVA\APP\jdk17\bin\server\jvm.dll
0x00007ff88cb20000 - 0x00007ff88cb28000 	C:\Windows\System32\PSAPI.DLL
0x00007ff86ca10000 - 0x00007ff86ca19000 	C:\Windows\SYSTEM32\WSOCK32.dll
0x00007ff88c690000 - 0x00007ff88c6fb000 	C:\Windows\System32\WS2_32.dll
0x00007ff87d4f0000 - 0x00007ff87d517000 	C:\Windows\SYSTEM32\WINMM.dll
0x00007ff888840000 - 0x00007ff888852000 	C:\Windows\SYSTEM32\kernel.appcore.dll
0x00007ff882060000 - 0x00007ff88206a000 	D:\Download\JAVA\APP\jdk17\bin\jimage.dll
0x00007ff886470000 - 0x00007ff886654000 	C:\Windows\SYSTEM32\DBGHELP.DLL
0x00007ff878170000 - 0x00007ff8781a4000 	C:\Windows\SYSTEM32\dbgcore.DLL
0x00007ff88b070000 - 0x00007ff88b0f2000 	C:\Windows\System32\bcryptPrimitives.dll
0x00007ff882050000 - 0x00007ff88205e000 	D:\Download\JAVA\APP\jdk17\bin\instrument.dll
0x00007ff881ca0000 - 0x00007ff881cc5000 	D:\Download\JAVA\APP\jdk17\bin\java.dll
0x00007ff852b70000 - 0x00007ff852c47000 	D:\Download\JAVA\APP\jdk17\bin\jsvml.dll
0x00007ff88bca0000 - 0x00007ff88c3e4000 	C:\Windows\System32\SHELL32.dll
0x00007ff888a40000 - 0x00007ff8891d3000 	C:\Windows\SYSTEM32\windows.storage.dll
0x00007ff88c700000 - 0x00007ff88ca54000 	C:\Windows\System32\combase.dll
0x00007ff88a260000 - 0x00007ff88a28e000 	C:\Windows\SYSTEM32\Wldp.dll
0x00007ff88cf20000 - 0x00007ff88cfcd000 	C:\Windows\System32\SHCORE.dll
0x00007ff88c3f0000 - 0x00007ff88c445000 	C:\Windows\System32\shlwapi.dll
0x00007ff88a910000 - 0x00007ff88a92f000 	C:\Windows\SYSTEM32\profapi.dll
0x00007ff881af0000 - 0x00007ff881b08000 	D:\Download\JAVA\APP\jdk17\bin\zip.dll
0x00007ff881ad0000 - 0x00007ff881ae9000 	D:\Download\JAVA\APP\jdk17\bin\net.dll
0x00007ff882d20000 - 0x00007ff882e2a000 	C:\Windows\SYSTEM32\WINHTTP.dll
0x00007ff88a040000 - 0x00007ff88a0aa000 	C:\Windows\system32\mswsock.dll
0x00007ff881ab0000 - 0x00007ff881ac6000 	D:\Download\JAVA\APP\jdk17\bin\nio.dll
0x00007ff87a1b0000 - 0x00007ff87a1ca000 	D:\Download\JAVA\APP\IntelliJ IDEA 2024.1.7\bin\breakgen64.dll
0x00007ff889d90000 - 0x00007ff889e5a000 	C:\Windows\SYSTEM32\DNSAPI.dll
0x00007ff889d50000 - 0x00007ff889d8c000 	C:\Windows\SYSTEM32\IPHLPAPI.DLL
0x00007ff88cf10000 - 0x00007ff88cf18000 	C:\Windows\System32\NSI.dll
0x00007ff880050000 - 0x00007ff88005a000 	C:\Windows\System32\rasadhlp.dll
0x00007ff882a10000 - 0x00007ff882a92000 	C:\Windows\System32\fwpuclnt.dll
0x00007ff88ab60000 - 0x00007ff88ab87000 	C:\Windows\System32\bcrypt.dll
0x00007ff881f60000 - 0x00007ff881f6a000 	D:\Download\JAVA\APP\jdk17\bin\management.dll
0x00007ff881cf0000 - 0x00007ff881cfb000 	D:\Download\JAVA\APP\jdk17\bin\management_ext.dll
0x00007ff88a2a0000 - 0x00007ff88a2b8000 	C:\Windows\SYSTEM32\CRYPTSP.dll
0x00007ff889980000 - 0x00007ff8899b4000 	C:\Windows\system32\rsaenh.dll
0x00007ff88a890000 - 0x00007ff88a8be000 	C:\Windows\SYSTEM32\USERENV.dll
0x00007ff88a1d0000 - 0x00007ff88a1dc000 	C:\Windows\SYSTEM32\CRYPTBASE.dll
0x00007ff883690000 - 0x00007ff8836a7000 	C:\Windows\SYSTEM32\dhcpcsvc6.DLL
0x00007ff883670000 - 0x00007ff88368d000 	C:\Windows\SYSTEM32\dhcpcsvc.DLL
0x00007ff884c40000 - 0x00007ff884c57000 	C:\Windows\system32\napinsp.dll
0x00007ff884c20000 - 0x00007ff884c3b000 	C:\Windows\system32\pnrpnsp.dll
0x00007ff885550000 - 0x00007ff885565000 	C:\Windows\system32\wshbth.dll
0x00007ff886240000 - 0x00007ff88625d000 	C:\Windows\system32\NLAapi.dll
0x00007ff884260000 - 0x00007ff884272000 	C:\Windows\System32\winrnr.dll
0x00007ff881c90000 - 0x00007ff881c9e000 	D:\Download\JAVA\APP\jdk17\bin\sunmscapi.dll
0x00007ff88b1f0000 - 0x00007ff88b34e000 	C:\Windows\System32\CRYPT32.dll
0x00007ff88a3b0000 - 0x00007ff88a3d8000 	C:\Windows\SYSTEM32\ncrypt.dll
0x00007ff88a370000 - 0x00007ff88a3ab000 	C:\Windows\SYSTEM32\NTASN1.dll
0x00007ff881a60000 - 0x00007ff881a70000 	D:\Download\JAVA\APP\jdk17\bin\verify.dll

dbghelp: loaded successfully - version: 4.0.5 - missing functions: none
symbol engine: initialized successfully - sym options: 0x614 - pdb path: .;D:\Download\JAVA\APP\jdk17\bin;C:\Windows\SYSTEM32;C:\Windows\WinSxS\amd64_microsoft.windows.common-controls_6595b64144ccf1df_6.0.19041.1110_none_60b5254171f9507e;D:\Download\JAVA\APP\jdk17\bin\server;D:\Download\JAVA\APP\IntelliJ IDEA 2024.1.7\bin

VM Arguments:
jvm_args: -XX:TieredStopAtLevel=1 -Dspring.output.ansi.enabled=always -Dcom.sun.management.jmxremote -Dspring.jmx.enabled=true -Dspring.liveBeansView.mbeanDomain -Dspring.application.admin.enabled=true -Dmanagement.endpoints.jmx.exposure.include=* -javaagent:D:\Download\JAVA\APP\IntelliJ IDEA 2024.1.7\lib\idea_rt.jar=49287:D:\Download\JAVA\APP\IntelliJ IDEA 2024.1.7\bin -Dfile.encoding=UTF-8 
java_command: fpt.duantotnghiep.sd28.PhoStepBackendApplication
java_class_path (initial): D:\Download\DATN_PHOSTEP\Pho-step-Backend-\target\classes;C:\Users\DELL\.m2\repository\org\springframework\boot\spring-boot-starter-web\3.5.0\spring-boot-starter-web-3.5.0.jar;C:\Users\DELL\.m2\repository\org\springframework\boot\spring-boot-starter\3.5.0\spring-boot-starter-3.5.0.jar;C:\Users\DELL\.m2\repository\org\springframework\boot\spring-boot\3.5.0\spring-boot-3.5.0.jar;C:\Users\DELL\.m2\repository\org\springframework\boot\spring-boot-autoconfigure\3.5.0\spring-boot-autoconfigure-3.5.0.jar;C:\Users\DELL\.m2\repository\org\springframework\boot\spring-boot-starter-logging\3.5.0\spring-boot-starter-logging-3.5.0.jar;C:\Users\DELL\.m2\repository\ch\qos\logback\logback-classic\1.5.18\logback-classic-1.5.18.jar;C:\Users\DELL\.m2\repository\ch\qos\logback\logback-core\1.5.18\logback-core-1.5.18.jar;C:\Users\DELL\.m2\repository\org\apache\logging\log4j\log4j-to-slf4j\2.24.3\log4j-to-slf4j-2.24.3.jar;C:\Users\DELL\.m2\repository\org\apache\logging\log4j\log4j-api\2.24.3\log4j-api-2.24.3.jar;C:\Users\DELL\.m2\repository\org\slf4j\jul-to-slf4j\2.0.17\jul-to-slf4j-2.0.17.jar;C:\Users\DELL\.m2\repository\jakarta\annotation\jakarta.annotation-api\2.1.1\jakarta.annotation-api-2.1.1.jar;C:\Users\DELL\.m2\repository\org\yaml\snakeyaml\2.4\snakeyaml-2.4.jar;C:\Users\DELL\.m2\repository\org\springframework\boot\spring-boot-starter-json\3.5.0\spring-boot-starter-json-3.5.0.jar;C:\Users\DELL\.m2\repository\com\fasterxml\jackson\core\jackson-databind\2.19.0\jackson-databind-2.19.0.jar;C:\Users\DELL\.m2\repository\com\fasterxml\jackson\core\jackson-annotations\2.19.0\jackson-annotations-2.19.0.jar;C:\Users\DELL\.m2\repository\com\fasterxml\jackson\core\jackson-core\2.19.0\jackson-core-2.19.0.jar;C:\Users\DELL\.m2\repository\com\fasterxml\jackson\datatype\jackson-datatype-jdk8\2.19.0\jackson-datatype-jdk8-2.19.0.jar;C:\Users\DELL\.m2\repository\com\fasterxml\jackson\datatype\jackson-datatype-jsr310\2.19.0\jackson-datatype-jsr310-2.19.0.jar;C:\Users\DELL\
Launcher Type: SUN_STANDARD

[Global flags]
     intx CICompilerCount                          = 3                                         {product} {ergonomic}
     uint ConcGCThreads                            = 1                                         {product} {ergonomic}
     uint G1ConcRefinementThreads                  = 4                                         {product} {ergonomic}
   size_t G1HeapRegionSize                         = 1048576                                   {product} {ergonomic}
    uintx GCDrainStackTargetSize                   = 64                                        {product} {ergonomic}
   size_t InitialHeapSize                          = 134217728                                 {product} {ergonomic}
     bool ManagementServer                         = true                                      {product} {command line}
   size_t MarkStackSize                            = 4194304                                   {product} {ergonomic}
   size_t MaxHeapSize                              = 2118123520                                {product} {ergonomic}
   size_t MaxNewSize                               = 1270874112                                {product} {ergonomic}
   size_t MinHeapDeltaBytes                        = 1048576                                   {product} {ergonomic}
   size_t MinHeapSize                              = 8388608                                   {product} {ergonomic}
    uintx NonProfiledCodeHeapSize                  = 0                                      {pd product} {ergonomic}
     bool ProfileInterpreter                       = false                                  {pd product} {command line}
    uintx ProfiledCodeHeapSize                     = 0                                      {pd product} {ergonomic}
   size_t SoftMaxHeapSize                          = 2118123520                             {manageable} {ergonomic}
     intx TieredStopAtLevel                        = 1                                         {product} {command line}
     bool UseCompressedClassPointers               = true                           {product lp64_product} {ergonomic}
     bool UseCompressedOops                        = true                           {product lp64_product} {ergonomic}
     bool UseG1GC                                  = true                                      {product} {ergonomic}
     bool UseLargePagesIndividualAllocation        = false                                  {pd product} {ergonomic}

Logging:
Log output configuration:
 #0: stdout all=warning uptime,level,tags
 #1: stderr all=off uptime,level,tags

Environment Variables:
JAVA_HOME=D:\Download\JAVA\APP\jdk17
PATH=C:\Program Files\Python38\Scripts\;C:\Program Files\Python38\;C:\Program Files (x86)\Common Files\Oracle\Java\java8path;C:\Program Files (x86)\Common Files\Oracle\Java\javapath;D:\Download\JAVA\APP\Oracle\dbhomeXE\bin;C:\Windows\system32;C:\Windows;C:\Windows\System32\Wbem;C:\Windows\System32\WindowsPowerShell\v1.0\;C:\Windows\System32\OpenSSH\;C:\Program Files (x86)\Microsoft SQL Server\160\Tools\Binn\;C:\Program Files\Microsoft SQL Server\160\Tools\Binn\;C:\Program Files\Microsoft SQL Server\Client SDK\ODBC\170\Tools\Binn\;C:\Program Files\Microsoft SQL Server\160\DTS\Binn\;C:\Program Files (x86)\Microsoft SQL Server\160\DTS\Binn\;C:\Program Files\Git\cmd;C:\Program Files\Cloudflare\Cloudflare WARP\;D:\Download\Proton\Database_Tranning;D:\Download\JAVA\APP\node.js\;C:\Program Files\Docker\Docker\resources\bin;D:\Download\Proton\Odoo15+PostgreSQL14\openSSL\bin;D:\Download\Proton\Odoo15+PostgreSQL14\python\;D:\Download\Proton\Odoo15+PostgreSQL14\python\Scripts\;D:\Download\Proton\Odoo15+PostgreSQL14\wkhtmltopdf\bin;D:\Download\JAVA\postgreSQL\bin;C:\Users\DELL\AppData\Local\Programs\Python\Launcher\;C:\Users\DELL\AppData\Local\Microsoft\WindowsApps;;D:\Download\JAVA\APP\IntelliJ IDEA 2024.3.1.1\bin;;D:\Download\vscode\Microsoft VS Code\bin;C:\Users\DELL\AppData\Roaming\npm
USERNAME=DELL
OS=Windows_NT
PROCESSOR_IDENTIFIER=Intel64 Family 6 Model 94 Stepping 3, GenuineIntel



---------------  S Y S T E M  ---------------

OS:
 Windows 10 , 64 bit Build 19041 (10.0.19041.3031)
OS uptime: 10 days 3:07 hours
Hyper-V role detected

CPU: total 4 (initial active 4) (4 cores per cpu, 1 threads per core) family 6 model 94 stepping 3 microcode 0xcc, cx8, cmov, fxsr, mmx, 3dnowpref, sse, sse2, sse3, ssse3, sse4.1, sse4.2, popcnt, lzcnt, tsc, tscinvbit, avx, avx2, aes, erms, clmul, bmi1, bmi2, rtm, adx, fma, vzeroupper, clflush, clflushopt, hv

Memory: 4k page, system-wide physical 8075M (1482M free)
TotalPageFile size 20910M (AvailPageFile size 965M)
current process WorkingSet (physical memory assigned to process): 427M, peak: 427M
current process commit charge ("private bytes"): 464M, peak: 731M

vm_info: Java HotSpot(TM) 64-Bit Server VM (17.0.12+8-LTS-286) for windows-amd64 JRE (17.0.12+8-LTS-286), built on Jun  5 2024 06:46:59 by "mach5one" with MS VC++ 17.6 (VS2022)

END.
